Archive member included to satisfy reference by file (symbol)

C:/Users/XMF3944/Documents/Ingenico/ImplementacionesDemos/TestAppFramwork/Libs/Framework/Bin/FrameworkLib.a(Buffer.o)
                              Obj/GNU_ARM_DEBUG_TETRA/BufferTest.o (Data::Buffer::Resize(unsigned int))
C:/Users/XMF3944/Documents/Ingenico/ImplementacionesDemos/TestAppFramwork/Libs/Framework/Bin/FrameworkLib.a(Str.o)
                              Obj/GNU_ARM_DEBUG_TETRA/BufferTest.o (Utils::Str::GetLength(char const*))
C:/Users/XMF3944/Documents/Ingenico/ImplementacionesDemos/TestAppFramwork/Libs/Framework/Bin/FrameworkLib.a(Exception.o)
                              C:/Users/XMF3944/Documents/Ingenico/ImplementacionesDemos/TestAppFramwork/Libs/Framework/Bin/FrameworkLib.a(Buffer.o) (Utils::Exception::Throw(char const*, char const*, unsigned int, Utils::Exception::EType, char const*, ...))
C:/Users/XMF3944/Documents/Ingenico/ImplementacionesDemos/TestAppFramwork/Libs/Framework/Bin/FrameworkLib.a(Char.o)
                              C:/Users/XMF3944/Documents/Ingenico/ImplementacionesDemos/TestAppFramwork/Libs/Framework/Bin/FrameworkLib.a(Buffer.o) (Utils::Char::ToUpper(char))
C:/Program Files/TeliumSDK/SDK11.20.3.PatchF/SDKTPLUS/HW_TETRA/gnu_531/lib/Platform/libwrapper_tplus.lib(Beep.o)
                              C:/Users/XMF3944/Documents/Ingenico/ImplementacionesDemos/TestAppFramwork/Libs/Framework/Bin/FrameworkLib.a(Exception.o) (Beep)
C:/Program Files/TeliumSDK/SDK11.20.3.PatchF/SDKTPLUS/HW_TETRA/gnu_531/lib/Platform/libwrapper_tplus.lib(extenstp1.o)
                              C:/Program Files/TeliumSDK/SDK11.20.3.PatchF/SDKTPLUS/HW_TETRA/gnu_531/lib/Platform/libwrapper_tplus.lib(Beep.o) (extenslib_open)
C:/Program Files/TeliumSDK/SDK11.20.3.PatchF/SDKTPLUS/HW_TETRA/gnu_531/lib/Platform/libwrapper_tplus.lib(Telium_Fclose.o)
                              Obj/GNU_ARM_DEBUG_TETRA/Entry.o (Telium_Fclose)
C:/Program Files/TeliumSDK/SDK11.20.3.PatchF/SDKTPLUS/HW_TETRA/gnu_531/lib/Platform/libwrapper_tplus.lib(Telium_Fopen.o)
                              Obj/GNU_ARM_DEBUG_TETRA/Entry.o (Telium_Fopen)
C:/Program Files/TeliumSDK/SDK11.20.3.PatchF/SDKTPLUS/HW_TETRA/gnu_531/lib/Platform/libwrapper_tplus.lib(Telium_Ttestall.o)
                              Obj/GNU_ARM_DEBUG_TETRA/Entry.o (Telium_Ttestall)
C:/Program Files/TeliumSDK/SDK11.20.3.PatchF/SDKTPLUS/HW_TETRA/gnu_531/lib/Platform/libwrapper_tplus.lib(Telium_Read_date.o)
                              Obj/GNU_ARM_DEBUG_TETRA/Entry.o (Telium_Read_date)
C:/Program Files/TeliumSDK/SDK11.20.3.PatchF/SDKTPLUS/HW_TETRA/gnu_531/lib/Platform/libwrapper_tplus.lib(Telium_ServiceRegister.o)
                              Obj/GNU_ARM_DEBUG_TETRA/Entry.o (Telium_ServiceRegister)
C:/Program Files/TeliumSDK/SDK11.20.3.PatchF/SDKTPLUS/HW_TETRA/gnu_531/lib/Platform/libwrapper_tplus.lib(Telium_Pprintf.o)
                              Obj/GNU_ARM_DEBUG_TETRA/Entry.o (Telium_Pprintf)
C:/Program Files/TeliumSDK/SDK11.20.3.PatchF/SDKTPLUS/HW_TETRA/gnu_531/lib/Platform/libwrapper_tplus.lib(Telium_Printf.o)
                              Obj/GNU_ARM_DEBUG_TETRA/BufferTest.o (Telium_Printf)
C:/Program Files/TeliumSDK/SDK11.20.3.PatchF/SDKTPLUS/HW_TETRA/gnu_531/lib/Platform/libwrapper_tplus.lib(Telium_Stdprt.o)
                              C:/Program Files/TeliumSDK/SDK11.20.3.PatchF/SDKTPLUS/HW_TETRA/gnu_531/lib/Platform/libwrapper_tplus.lib(Telium_Pprintf.o) (Telium_Stdprt)
C:/Program Files/TeliumSDK/SDK11.20.3.PatchF/SDKTPLUS/HW_TETRA/gnu_531/lib/Platform/libwrapper_tplus.lib(ApplicationGetCurrent.o)
                              Obj/GNU_ARM_DEBUG_TETRA/Main.o (ApplicationGetCurrent)
C:/Program Files/TeliumSDK/SDK11.20.3.PatchF/SDKTPLUS/HW_TETRA/gnu_531/lib/Platform/libwrapper_tplus.lib(FS_close.o)
                              Obj/GNU_ARM_DEBUG_TETRA/Entry.o (FS_close)
C:/Program Files/TeliumSDK/SDK11.20.3.PatchF/SDKTPLUS/HW_TETRA/gnu_531/lib/Platform/libwrapper_tplus.lib(FS_length.o)
                              Obj/GNU_ARM_DEBUG_TETRA/Entry.o (FS_length)
C:/Program Files/TeliumSDK/SDK11.20.3.PatchF/SDKTPLUS/HW_TETRA/gnu_531/lib/Platform/libwrapper_tplus.lib(FS_mount.o)
                              Obj/GNU_ARM_DEBUG_TETRA/Entry.o (FS_mount)
C:/Program Files/TeliumSDK/SDK11.20.3.PatchF/SDKTPLUS/HW_TETRA/gnu_531/lib/Platform/libwrapper_tplus.lib(FS_open.o)
                              Obj/GNU_ARM_DEBUG_TETRA/Entry.o (FS_open)
C:/Program Files/TeliumSDK/SDK11.20.3.PatchF/SDKTPLUS/HW_TETRA/gnu_531/lib/Platform/libwrapper_tplus.lib(FS_read.o)
                              Obj/GNU_ARM_DEBUG_TETRA/Entry.o (FS_read)
C:/Program Files/TeliumSDK/SDK11.20.3.PatchF/SDKTPLUS/HW_TETRA/gnu_531/lib/Platform/libwrapper_tplus.lib(FS_unmount.o)
                              Obj/GNU_ARM_DEBUG_TETRA/Entry.o (FS_unmount)
C:/Program Files/TeliumSDK/SDK11.20.3.PatchF/SDKTPLUS/HW_TETRA/gnu_531/lib/Platform/libwrapper_tplus.lib(FS_write.o)
[...]
Memory Configuration

Name             Origin             Length             Attributes
*default*        0x0000000000000000 0xffffffffffffffff

Linker script and memory map

LOAD C:/Ingenico/IngeDev_8.24.0.9/toolchains/gnuArm531v7a-5/arm-islero-linux-gnueabihf/sysroot/usr/lib/crti.o
LOAD C:/Ingenico/IngeDev_8.24.0.9/toolchains/gnuArm531v7a-5/arm-islero-linux-gnueabihf/sysroot/usr/lib/crt1.o
LOAD C:/Ingenico/IngeDev_8.24.0.9/toolchains/gnuArm531v7a-5/lib/gcc/arm-islero-linux-gnueabihf/5.3.1/crtbegin.o
LOAD C:/Program Files/TeliumSDK/SDK11.20.3.PatchF/SDKTPLUS/HW_TETRA/gnu_531/startfiles/startup_tplusentry.o
LOAD Obj/GNU_ARM_DEBUG_TETRA/Main.o
LOAD Obj/GNU_ARM_DEBUG_TETRA/Entry.o
LOAD Obj/GNU_ARM_DEBUG_TETRA/Menu.o
LOAD Obj/GNU_ARM_DEBUG_TETRA/DateScreen.o
LOAD Obj/GNU_ARM_DEBUG_TETRA/Utils.o
LOAD Obj/GNU_ARM_DEBUG_TETRA/BufferTest.o
START GROUP
LOAD C:/Users/XMF3944/Documents/Ingenico/ImplementacionesDemos/TestAppFramwork/Libs/Framework/Bin/FrameworkLib.a
LOAD C:/Program Files/TeliumSDK/SDK11.20.3.PatchF/SDKTPLUS/HW_TETRA/gnu_531/lib/Platform/libSecurityTp.lib
LOAD C:/Program Files/TeliumSDK/SDK11.20.3.PatchF/SDKTPLUS/HW_TETRA/gnu_531/lib/Platform/libbluetooth.lib
LOAD C:/Program Files/TeliumSDK/SDK11.20.3.PatchF/SDKTPLUS/HW_TETRA/gnu_531/lib/Platform/libwifi.lib
LOAD C:/Program Files/TeliumSDK/SDK11.20.3.PatchF/SDKTPLUS/HW_TETRA/gnu_531/lib/Platform/libpackip.lib
LOAD C:/Program Files/TeliumSDK/SDK11.20.3.PatchF/SDKTPLUS/HW_TETRA/gnu_531/lib/Platform/libTmsCall_TPlus.lib
LOAD C:/Program Files/TeliumSDK/SDK11.20.3.PatchF/SDKTPLUS/HW_TETRA/gnu_531/lib/Platform/SPMCI_TPlus.lib
LOAD C:/Program Files/TeliumSDK/SDK11.20.3.PatchF/SDKTPLUS/HW_TETRA/gnu_531/lib/Platform/ExtraGPRS.lib
LOAD C:/Program Files/TeliumSDK/SDK11.20.3.PatchF/SDKTPLUS/HW_TETRA/gnu_531/lib/Platform/libethernet.lib
LOAD C:/Program Files/TeliumSDK/SDK11.20.3.PatchF/SDKTPLUS/HW_TETRA/gnu_531/lib/Platform/libndef.lib
LOAD C:/Program Files/TeliumSDK/SDK11.20.3.PatchF/SDKTPLUS/HW_TETRA/gnu_531/lib/Platform/TlvTree.lib
LOAD C:/Program Files/TeliumSDK/SDK11.20.3.PatchF/SDKTPLUS/HW_TETRA/gnu_531/lib/Platform/libwrapper_tplus.lib
LOAD C:/Program Files/TeliumSDK/SDK11.20.3.PatchF/SDKTPLUS/HW_TETRA/gnu_531/lib/Platform/LIBTPLUSMANAGER.LIB
LOAD C:/Program Files/TeliumSDK/SDK11.20.3.PatchF/SDKTPLUS/HW_TETRA/gnu_531/lib/Platform/LIBPROTOBUF.T3L
LOAD C:/Program Files/TeliumSDK/SDK11.20.3.PatchF/SDKTPLUS/HW_TETRA/gnu_531/lib/Platform/LIBOS.T3L
LOAD C:/Program Files/TeliumSDK/SDK11.20.3.PatchF/SDKTPLUS/HW_TETRA/gnu_531/lib/Platform/liblinklayer.lib
LOAD C:/Program Files/TeliumSDK/SDK11.20.3.PatchF/SDKTPLUS/HW_TETRA/gnu_531/lib/Platform/SQLITELIB.a
LOAD C:/Program Files/TeliumSDK/SDK11.20.3.PatchF/SDKTPLUS/HW_TETRA/gnu_531/lib/Platform/LIBSERVICE.T3L
LOAD C:/Program Files/TeliumSDK/SDK11.20.3.PatchF/SDKTPLUS/HW_TETRA/gnu_531/lib/Platform/LIBSVCDIRPX.T3L
LOAD C:/Program Files/TeliumSDK/SDK11.20.3.PatchF/SDKTPLUS/HW_TETRA/gnu_531/lib/Platform/LIBSVCDIRSK.T3L
LOAD C:/Program Files/TeliumSDK/SDK11.20.3.PatchF/SDKTPLUS/HW_TETRA/gnu_531/lib/Platform/LIBGRAPHICS.T3L
LOAD C:/Program Files/TeliumSDK/SDK11.20.3.PatchF/SDKTPLUS/HW_TETRA/gnu_531/lib/Platform\libSec.a
LOAD C:/Program Files/TeliumSDK/SDK11.20.3.PatchF/SDKTPLUS/HW_TETRA/gnu_531/lib/Platform\libtpass.a
LOAD C:/Program Files/TeliumSDK/SDK11.20.3.PatchF/SDKTPLUS/HW_TETRA/gnu_531/lib/Platform\libgtl.a
LOAD C:/Program Files/TeliumSDK/SDK11.20.3.PatchF/SDKTPLUS/HW_TETRA/gnu_531/lib/Platform\libOSLAYER.a
LOAD C:/Program Files/TeliumSDK/SDK11.20.3.PatchF/SDKTPLUS/HW_TETRA/gnu_531/lib/Platform\libmifare.a
LOAD C:/Program Files/TeliumSDK/SDK11.20.3.PatchF/SDKTPLUS/HW_TETRA/gnu_531/lib/OS/libtelinux.so
LOAD C:/Program Files/TeliumSDK/SDK11.20.3.PatchF/SDKTPLUS/HW_TETRA/gnu_531/lib/Platform\libHeartbeat_Interface_TPLUS.a
LOAD C:/Program Files/TeliumSDK/SDK11.20.3.PatchF/SDKTPLUS/HW_TETRA/gnu_531/lib/Platform\libcommmisc.a
LOAD C:/Program Files/TeliumSDK/SDK11.20.3.PatchF/SDKTPLUS/HW_TETRA/gnu_531/lib/Platform\libGRAPHICLIB.a
LOAD C:/Ingenico/IngeDev_8.24.0.9/toolchains/gnuArm531v7a-5/arm-islero-linux-gnueabihf/sysroot/usr/lib/libc.so
START GROUP
LOAD C:/Ingenico/IngeDev_8.24.0.9/toolchains/gnuArm531v7a-5/arm-islero-linux-gnueabihf/sysroot/lib/libc.so.6
LOAD C:/Ingenico/IngeDev_8.24.0.9/toolchains/gnuArm531v7a-5/arm-islero-linux-gnueabihf/sysroot/usr/lib/libc_nonshared.a
LOAD C:/Ingenico/IngeDev_8.24.0.9/toolchains/gnuArm531v7a-5/arm-islero-linux-gnueabihf/sysroot/lib/ld-linux.so.3
END GROUP
LOAD C:/Ingenico/IngeDev_8.24.0.9/toolchains/gnuArm531v7a-5/lib/gcc/arm-islero-linux-gnueabihf/5.3.1\libgcc.a
LOAD C:/Ingenico/IngeDev_8.24.0.9/toolchains/gnuArm531v7a-5/arm-islero-linux-gnueabihf/sysroot/lib/libgcc_s.so
START GROUP
LOAD C:/Ingenico/IngeDev_8.24.0.9/toolchains/gnuArm531v7a-5/arm-islero-linux-gnueabihf/sysroot/lib\libgcc_s.so.1
LOAD C:/Ingenico/IngeDev_8.24.0.9/toolchains/gnuArm531v7a-5/lib/gcc/arm-islero-linux-gnueabihf/5.3.1\libgcc.a
END GROUP
LOAD C:/Ingenico/IngeDev_8.24.0.9/toolchains/gnuArm531v7a-5/arm-islero-linux-gnueabihf/sysroot/lib/libstdc++.so
END GROUP
LOAD C:/Ingenico/IngeDev_8.24.0.9/toolchains/gnuArm531v7a-5/lib/gcc/arm-islero-linux-gnueabihf/5.3.1/crtend.o
LOAD C:/Ingenico/IngeDev_8.24.0.9/toolchains/gnuArm531v7a-5/arm-islero-linux-gnueabihf/sysroot/usr/lib/crtn.o
LOAD C:/Program Files/TeliumSDK/SDK11.20.3.PatchF/SDKTPLUS/HW_TETRA/gnu_531/startfiles/stapp_legacyexitpoint.o
                [!provide]                        PROVIDE (__executable_start, 0x0)
                0x0000000000000134                . = (0x0 + SIZEOF_HEADERS)

.interp         0x0000000000000134       0x13
 *(.interp)
 .interp        0x0000000000000134       0x13 C:/Ingenico/IngeDev_8.24.0.9/toolchains/gnuArm531v7a-5/arm-islero-linux-gnueabihf/sysroot/usr/lib/crti.o

.note.ABI-tag   0x0000000000000148       0x20
 .note.ABI-tag  0x0000000000000148       0x20 C:/Ingenico/IngeDev_8.24.0.9/toolchains/gnuArm531v7a-5/arm-islero-linux-gnueabihf/sysroot/usr/lib/crt1.o

.note.gnu.build-id
 *(.note.gnu.build-id)

.hash           0x0000000000000168      0x248
 *(.hash)
 .hash          0x0000000000000168      0x248 C:/Ingenico/IngeDev_8.24.0.9/toolchains/gnuArm531v7a-5/arm-islero-linux-gnueabihf/sysroot/usr/lib/crti.o

.gnu.hash
 *(.gnu.hash)

.dynsym         0x00000000000003b0      0x4d0
 *(.dynsym)
 .dynsym        0x00000000000003b0      0x4d0 C:/Ingenico/IngeDev_8.24.0.9/toolchains/gnuArm531v7a-5/arm-islero-linux-gnueabihf/sysroot/usr/lib/crti.o

.dynstr         0x0000000000000880      0x44c
 *(.dynstr)
 .dynstr        0x0000000000000880      0x44c C:/Ingenico/IngeDev_8.24.0.9/toolchains/gnuArm531v7a-5/arm-islero-linux-gnueabihf/sysroot/usr/lib/crti.o

.gnu.version    0x0000000000000ccc       0x9a
 *(.gnu.version)
 .gnu.version   0x0000000000000ccc       0x9a C:/Ingenico/IngeDev_8.24.0.9/toolchains/gnuArm531v7a-5/arm-islero-linux-gnueabihf/sysroot/usr/lib/crti.o

.gnu.version_d  0x0000000000000d68        0x0
 *(.gnu.version_d)
 .gnu.version_d
                0x0000000000000d68        0x0 C:/Ingenico/IngeDev_8.24.0.9/toolchains/gnuArm531v7a-5/arm-islero-linux-gnueabihf/sysroot/usr/lib/crti.o

.gnu.version_r  0x0000000000000d68       0xa0
 *(.gnu.version_r)
 .gnu.version_r
                0x0000000000000d68       0xa0 C:/Ingenico/IngeDev_8.24.0.9/toolchains/gnuArm531v7a-5/arm-islero-linux-gnueabihf/sysroot/usr/lib/crti.o

.rel.dyn        0x0000000000000e08      0x950
 *(.rel.init)
 *(.rel.text .rel.text.* .rel.gnu.linkonce.t.*)
 .rel.text      0x0000000000000e08      0x238 C:/Ingenico/IngeDev_8.24.0.9/toolchains/gnuArm531v7a-5/arm-islero-linux-gnueabihf/sysroot/usr/lib/crti.o
 *(.rel.fini)
 *(.rel.rodata .rel.rodata.* .rel.gnu.linkonce.r.*)
 *(.rel.data.rel.ro .rel.data.rel.ro.* .rel.gnu.linkonce.d.rel.ro.*)
 .rel.data.rel.ro.local
                0x0000000000001040       0x20 C:/Ingenico/IngeDev_8.24.0.9/toolchains/gnuArm531v7a-5/arm-islero-linux-gnueabihf/sysroot/usr/lib/crti.o
 .rel.data.rel.ro
                0x0000000000001060      0x218 C:/Ingenico/IngeDev_8.24.0.9/toolchains/gnuArm531v7a-5/arm-islero-linux-gnueabihf/sysroot/usr/lib/crti.o
 .rel.data.rel.ro._ZTVN10Interfaces11IComparisonIN4Data6BufferEEE
                0x0000000000001278       0x88 C:/Ingenico/IngeDev_8.24.0.9/toolchains/gnuArm531v7a-5/arm-islero-linux-gnueabihf/sysroot/usr/lib/crti.o
 .rel.data.rel.ro._ZTVN10Interfaces9ILessThanIN4Data6BufferEEE
                0x0000000000001300       0x18 C:/Ingenico/IngeDev_8.24.0.9/toolchains/gnuArm531v7a-5/arm-islero-linux-gnueabihf/sysroot/usr/lib/crti.o
 .rel.data.rel.ro._ZTVN10Interfaces10IGreatThanIN4Data6BufferEEE
                0x0000000000001318       0x18 C:/Ingenico/IngeDev_8.24.0.9/toolchains/gnuArm531v7a-5/arm-islero-linux-gnueabihf/sysroot/usr/lib/crti.o
 .rel.data.rel.ro._ZTVN10Interfaces12IEqualitableIN4Data6BufferEEE
                0x0000000000001330       0x18 C:/Ingenico/IngeDev_8.24.0.9/toolchains/gnuArm531v7a-5/arm-islero-linux-gnueabihf/sysroot/usr/lib/crti.o
 .rel.data.rel.ro._ZTVN10Interfaces11IComparableIN4Data6BufferEEE
                0x0000000000001348       0x10 C:/Ingenico/IngeDev_8.24.0.9/toolchains/gnuArm531v7a-5/arm-islero-linux-gnueabihf/sysroot/usr/lib/crti.o
 .rel.data.rel.ro._ZTVN10Interfaces11IAssignableIN4Data6BufferEEE
                0x0000000000001358       0x10 C:/Ingenico/IngeDev_8.24.0.9/toolchains/gnuArm531v7a-5/arm-islero-linux-gnueabihf/sysroot/usr/lib/crti.o
 .rel.data.rel.ro._ZTVN10Interfaces9IAdditionIN4Data6BufferEEE
                0x0000000000001368       0x18 C:/Ingenico/IngeDev_8.24.0.9/toolchains/gnuArm531v7a-5/arm-islero-linux-gnueabihf/sysroot/usr/lib/crti.o
 .rel.data.rel.ro._ZTVN10Interfaces10IIndexableIcEE
                0x0000000000001380       0x10 C:/Ingenico/IngeDev_8.24.0.9/toolchains/gnuArm531v7a-5/arm-islero-linux-gnueabihf/sysroot/usr/lib/crti.o
 .rel.data.rel.ro._ZTVN10Interfaces7ILengthE
                0x0000000000001390       0x10 C:/Ingenico/IngeDev_8.24.0.9/toolchains/gnuArm531v7a-5/arm-islero-linux-gnueabihf/sysroot/usr/lib/crti.o
 .rel.data.rel.ro._ZTVN10Interfaces11IContenibleE
                0x00000000000013a0       0x30 C:/Ingenico/IngeDev_8.24.0.9/toolchains/gnuArm531v7a-5/arm-islero-linux-gnueabihf/sysroot/usr/lib/crti.o
 .rel.data.rel.ro._ZTIN10Interfaces11IComparisonIN4Data6BufferEEE
                0x00000000000013d0       0x30 C:/Ingenico/IngeDev_8.24.0.9/toolchains/gnuArm531v7a-5/arm-islero-linux-gnueabihf/sysroot/usr/lib/crti.o
 .rel.data.rel.ro._ZTIN10Interfaces9ILessThanIN4Data6BufferEEE
                0x0000000000001400       0x10 C:/Ingenico/IngeDev_8.24.0.9/toolchains/gnuArm531v7a-5/arm-islero-linux-gnueabihf/sysroot/usr/lib/crti.o
 .rel.data.rel.ro._ZTIN10Interfaces10IGreatThanIN4Data6BufferEEE
                0x0000000000001410       0x10 C:/Ingenico/IngeDev_8.24.0.9/toolchains/gnuArm531v7a-5/arm-islero-linux-gnueabihf/sysroot/usr/lib/crti.o
 .rel.data.rel.ro._ZTIN10Interfaces12IEqualitableIN4Data6BufferEEE
                0x0000000000001420       0x10 C:/Ingenico/IngeDev_8.24.0.9/toolchains/gnuArm531v7a-5/arm-islero-linux-gnueabihf/sysroot/usr/lib/crti.o
 .rel.data.rel.ro._ZTIN10Interfaces11IComparableIN4Data6BufferEEE
                0x0000000000001430       0x10 C:/Ingenico/IngeDev_8.24.0.9/toolchains/gnuArm531v7a-5/arm-islero-linux-gnueabihf/sysroot/usr/lib/crti.o
 .rel.data.rel.ro._ZTIN10Interfaces11IAssignableIN4Data6BufferEEE
                0x0000000000001440       0x10 C:/Ingenico/IngeDev_8.24.0.9/toolchains/gnuArm531v7a-5/arm-islero-linux-gnueabihf/sysroot/usr/lib/crti.o
 .rel.data.rel.ro._ZTIN10Interfaces9IAdditionIN4Data6BufferEEE
                0x0000000000001450       0x10 C:/Ingenico/IngeDev_8.24.0.9/toolchains/gnuArm531v7a-5/arm-islero-linux-gnueabihf/sysroot/usr/lib/crti.o
 .rel.data.rel.ro._ZTIN10Interfaces10IIndexableIcEE
                0x0000000000001460       0x10 C:/Ingenico/IngeDev_8.24.0.9/toolchains/gnuArm531v7a-5/arm-islero-linux-gnueabihf/sysroot/usr/lib/crti.o
 .rel.data.rel.ro._ZTIN10Interfaces7ILengthE
                0x0000000000001470       0x10 C:/Ingenico/IngeDev_8.24.0.9/toolchains/gnuArm531v7a-5/arm-islero-linux-gnueabihf/sysroot/usr/lib/crti.o
 .rel.data.rel.ro._ZTIN10Interfaces11IContenibleE
                0x0000000000001480       0x10 C:/Ingenico/IngeDev_8.24.0.9/toolchains/gnuArm531v7a-5/arm-islero-linux-gnueabihf/sysroot/usr/lib/crti.o
 *(.rel.data .rel.data.* .rel.gnu.linkonce.d.*)
 .rel.data.rel  0x0000000000001490       0xb0 C:/Ingenico/IngeDev_8.24.0.9/toolchains/gnuArm531v7a-5/arm-islero-linux-gnueabihf/sysroot/usr/lib/crti.o
 .rel.data      0x0000000000001540       0x40 C:/Ingenico/IngeDev_8.24.0.9/toolchains/gnuArm531v7a-5/arm-islero-linux-gnueabihf/sysroot/usr/lib/crti.o
 .rel.data.rel.local
                0x0000000000001580       0x98 C:/Ingenico/IngeDev_8.24.0.9/toolchains/gnuArm531v7a-5/arm-islero-linux-gnueabihf/sysroot/usr/lib/crti.o
 *(.rel.tdata .rel.tdata.* .rel.gnu.linkonce.td.*)
 *(.rel.tbss .rel.tbss.* .rel.gnu.linkonce.tb.*)
 *(.rel.ctors)
 *(.rel.dtors)
 *(.rel.got)
 .rel.got       0x0000000000001618      0x108 C:/Ingenico/IngeDev_8.24.0.9/toolchains/gnuArm531v7a-5/arm-islero-linux-gnueabihf/sysroot/usr/lib/crti.o
 *(.rel.bss .rel.bss.* .rel.gnu.linkonce.b.*)
                [!provide]                        PROVIDE (__rel_iplt_start, .)
 *(.rel.iplt)
 .rel.iplt      0x0000000000001720        0x0 C:/Ingenico/IngeDev_8.24.0.9/toolchains/gnuArm531v7a-5/arm-islero-linux-gnueabihf/sysroot/usr/lib/crti.o
                [!provide]                        PROVIDE (__rel_iplt_end, .)
 .rel.init_array
                0x0000000000001720       0x18 C:/Ingenico/IngeDev_8.24.0.9/toolchains/gnuArm531v7a-5/arm-islero-linux-gnueabihf/sysroot/usr/lib/crti.o
 .rel.fini_array
                0x0000000000001738        0x8 C:/Ingenico/IngeDev_8.24.0.9/toolchains/gnuArm531v7a-5/arm-islero-linux-gnueabihf/sysroot/usr/lib/crti.o
 .rel.init_array.00101
                0x0000000000001740        0x8 C:/Ingenico/IngeDev_8.24.0.9/toolchains/gnuArm531v7a-5/arm-islero-linux-gnueabihf/sysroot/usr/lib/crti.o
 .rel.fini_array.00101
                0x0000000000001748        0x8 C:/Ingenico/IngeDev_8.24.0.9/toolchains/gnuArm531v7a-5/arm-islero-linux-gnueabihf/sysroot/usr/lib/crti.o
 .rel.fini_array.00201
                0x0000000000001750        0x8 C:/Ingenico/IngeDev_8.24.0.9/toolchains/gnuArm531v7a-5/arm-islero-linux-gnueabihf/sysroot/usr/lib/crti.o

.rela.dyn       0x0000000000001758        0x0
 *(.rela.init)
 *(.rela.text .rela.text.* .rela.gnu.linkonce.t.*)
 *(.rela.fini)
 *(.rela.rodata .rela.rodata.* .rela.gnu.linkonce.r.*)
 *(.rela.data .rela.data.* .rela.gnu.linkonce.d.*)
 *(.rela.tdata .rela.tdata.* .rela.gnu.linkonce.td.*)
 *(.rela.tbss .rela.tbss.* .rela.gnu.linkonce.tb.*)
 *(.rela.ctors)
 *(.rela.dtors)
 *(.rela.got)
 *(.rela.bss .rela.bss.* .rela.gnu.linkonce.b.*)
                [!provide]                        PROVIDE (__rela_iplt_start, .)
 *(.rela.iplt)
                [!provide]                        PROVIDE (__rela_iplt_end, .)

.rel.plt        0x0000000000001758      0x1a8
 *(.rel.plt)
 .rel.plt       0x0000000000001758      0x1a8 C:/Ingenico/IngeDev_8.24.0.9/toolchains/gnuArm531v7a-5/arm-islero-linux-gnueabihf/sysroot/usr/lib/crti.o

.rela.plt
 *(.rela.plt)

.init           0x0000000000001900        0xc
 *(SORT(.init))
 .init          0x0000000000001900        0x8 C:/Ingenico/IngeDev_8.24.0.9/toolchains/gnuArm531v7a-5/arm-islero-linux-gnueabihf/sysroot/usr/lib/crti.o
                0x0000000000001900                _init
 .init          0x0000000000001908        0x4 C:/Ingenico/IngeDev_8.24.0.9/toolchains/gnuArm531v7a-5/arm-islero-linux-gnueabihf/sysroot/usr/lib/crtn.o

.plt            0x000000000000190c      0x29c
 *(.plt)
 .plt           0x000000000000190c      0x29c C:/Ingenico/IngeDev_8.24.0.9/toolchains/gnuArm531v7a-5/arm-islero-linux-gnueabihf/sysroot/usr/lib/crti.o

.iplt           0x0000000000001ba8        0x0
 *(.iplt)
 .iplt          0x0000000000001ba8        0x0 C:/Ingenico/IngeDev_8.24.0.9/toolchains/gnuArm531v7a-5/arm-islero-linux-gnueabihf/sysroot/usr/lib/crti.o

.text           0x0000000000001ba8     0x904c
 *(.text.unlikely .text.*_unlikely .text.unlikely.*)
 *(.text.exit .text.exit.*)
 .text.exit     0x0000000000001ba8      0x104 C:/Program Files/TeliumSDK/SDK11.20.3.PatchF/SDKTPLUS/HW_TETRA/gnu_531/startfiles/stapp_legacyexitpoint.o
                0x0000000000001ba8                telinux_after_main_last
                0x0000000000001be4                telinux_gmon_dump_prepare
 *(.text.startup .text.startup.*)
 .text.startup  0x0000000000001cac       0x14 C:/Program Files/TeliumSDK/SDK11.20.3.PatchF/SDKTPLUS/HW_TETRA/gnu_531/startfiles/startup_tplusentry.o
                0x0000000000001cac                main
                0x0000000000001cbc                telinux_before_main_first
 *(.text.hot .text.hot.*)
 *(.text .stub .text.* .gnu.linkonce.t.*)
 .text          0x0000000000001cc0       0x24 C:/Ingenico/IngeDev_8.24.0.9/toolchains/gnuArm531v7a-5/arm-islero-linux-gnueabihf/sysroot/usr/lib/crti.o
 .text          0x0000000000001ce4       0x3c C:/Ingenico/IngeDev_8.24.0.9/toolchains/gnuArm531v7a-5/arm-islero-linux-gnueabihf/sysroot/usr/lib/crt1.o
                0x0000000000001ce4                _start
 .text          0x0000000000001d20       0xc4 C:/Ingenico/IngeDev_8.24.0.9/toolchains/gnuArm531v7a-5/lib/gcc/arm-islero-linux-gnueabihf/5.3.1/crtbegin.o
 .text          0x0000000000001de4       0x14 C:/Program Files/TeliumSDK/SDK11.20.3.PatchF/SDKTPLUS/HW_TETRA/gnu_531/startfiles/startup_tplusentry.o
                0x0000000000001de4                __stack_chk_fail
 .text          0x0000000000001df8      0x464 Obj/GNU_ARM_DEBUG_TETRA/Main.o
                0x0000000000001df8                Main
 .text          0x000000000000225c     0x18cc Obj/GNU_ARM_DEBUG_TETRA/Entry.o
                0x000000000000225c                give_your_domain
                0x00000000000022e4                after_reset
                0x0000000000002378                is_name
                0x000000000000244c                is_state
                0x00000000000024b8                idle_message
                0x00000000000025d4                more_function
                0x0000000000002604                keyboard_event
                0x0000000000002798                state
                0x0000000000002920                consult
                0x0000000000002a58                mcall
                0x0000000000002b90                is_time_function
                0x0000000000002bfc                time_function
                0x0000000000002cc8                is_change_init
                0x0000000000002d94                modif_param
                0x0000000000002e68                is_evol_pg
                0x0000000000002ed4                is_delete
                0x0000000000002f10                file_received
                0x0000000000003124                message_received
                0x0000000000003234                is_card_specific
                0x00000000000032a0                card_inside
                0x00000000000032f8                is_for_you_after
                0x000000000000354c                debit_non_emv
                0x0000000000003788                give_your_specific_context
                0x000000000000392c                give_interface(unsigned short, void*, void*)
                0x00000000000039c4                entry
 .text          0x0000000000003b28      0x31c Obj/GNU_ARM_DEBUG_TETRA/Menu.o
                0x0000000000003b28                menuGoalDisplay()
                0x0000000000003c64                initUIContext(int)
                0x0000000000003d64                releaseUIContext()
 .text          0x0000000000003e44      0x530 Obj/GNU_ARM_DEBUG_TETRA/DateScreen.o
                0x0000000000003e44                dateScreenUseGoalResource()
 .text          0x0000000000004374      0x168 Obj/GNU_ARM_DEBUG_TETRA/Utils.o
                0x0000000000004374                utilsCheckDate(date_t*)
 *fill*         0x00000000000044dc        0x4 
 .text          0x00000000000044e0     0x1acc Obj/GNU_ARM_DEBUG_TETRA/BufferTest.o
                0x00000000000044e0                Test::BufferTest::BufferTest()
                0x00000000000044e0                Test::BufferTest::BufferTest()
                0x000000000000451c                Test::BufferTest::~BufferTest()
                0x000000000000451c                Test::BufferTest::~BufferTest()
                0x0000000000004568                Test::BufferTest::~BufferTest()
                0x0000000000004598                Test::BufferTest::Overload() const
                0x0000000000004830                Test::BufferTest::CompareTo() const
                0x000000000000499c                Test::BufferTest::Operator() const
                0x0000000000004cf0                Test::BufferTest::CopyTo() const
                0x0000000000004ed4                Test::BufferTest::Resize() const
                0x0000000000004f94                Test::BufferTest::Adds() const
                0x00000000000050d4                Test::BufferTest::Remove() const
                0x0000000000005194                Test::BufferTest::Read() const
                0x000000000000530c                Test::BufferTest::SetChar() const
                0x00000000000053c4                Test::BufferTest::SearchChar() const
                0x0000000000005578                Test::BufferTest::Write() const
                0x0000000000005774                Test::BufferTest::SubBuffer() const
                0x0000000000005830                Test::BufferTest::StaticMethods() const
 .text._ZNK10Interfaces11IComparisonIN4Data6BufferEEeqERKS2_
                0x0000000000005fac       0x58 Obj/GNU_ARM_DEBUG_TETRA/BufferTest.o
                0x0000000000005fac                Interfaces::IComparison<Data::Buffer>::operator==(Data::Buffer const&) const
                0x0000000000005ffc                non-virtual thunk to Interfaces::IComparison<Data::Buffer>::operator==(Data::Buffer const&) const
 .text._ZNK10Interfaces11IComparisonIN4Data6BufferEEneERKS2_
                0x0000000000006004       0x58 Obj/GNU_ARM_DEBUG_TETRA/BufferTest.o
                0x0000000000006004                Interfaces::IComparison<Data::Buffer>::operator!=(Data::Buffer const&) const
                0x0000000000006054                non-virtual thunk to Interfaces::IComparison<Data::Buffer>::operator!=(Data::Buffer const&) const
 .text._ZNK10Interfaces11IComparisonIN4Data6BufferEEgtERKS2_
                0x000000000000605c       0x58 Obj/GNU_ARM_DEBUG_TETRA/BufferTest.o
                0x000000000000605c                Interfaces::IComparison<Data::Buffer>::operator>(Data::Buffer const&) const
                0x00000000000060ac                non-virtual thunk to Interfaces::IComparison<Data::Buffer>::operator>(Data::Buffer const&) const
 .text._ZNK10Interfaces11IComparisonIN4Data6BufferEEgeERKS2_
                0x00000000000060b4       0x54 Obj/GNU_ARM_DEBUG_TETRA/BufferTest.o
                0x00000000000060b4                Interfaces::IComparison<Data::Buffer>::operator>=(Data::Buffer const&) const
                0x0000000000006100                non-virtual thunk to Interfaces::IComparison<Data::Buffer>::operator>=(Data::Buffer const&) const
 .text._ZNK10Interfaces11IComparisonIN4Data6BufferEEltERKS2_
                0x0000000000006108       0x50 Obj/GNU_ARM_DEBUG_TETRA/BufferTest.o
                0x0000000000006108                Interfaces::IComparison<Data::Buffer>::operator<(Data::Buffer const&) const
                0x0000000000006150                non-virtual thunk to Interfaces::IComparison<Data::Buffer>::operator<(Data::Buffer const&) const
 .text._ZNK10Interfaces11IComparisonIN4Data6BufferEEleERKS2_
                0x0000000000006158       0x58 Obj/GNU_ARM_DEBUG_TETRA/BufferTest.o
                0x0000000000006158                Interfaces::IComparison<Data::Buffer>::operator<=(Data::Buffer const&) const
                0x00000000000061a8                non-virtual thunk to Interfaces::IComparison<Data::Buffer>::operator<=(Data::Buffer const&) const
 .text          0x00000000000061b0     0x246c C:/Users/XMF3944/Documents/Ingenico/ImplementacionesDemos/TestAppFramwork/Libs/Framework/Bin/FrameworkLib.a(Buffer.o)
                0x00000000000061b0                Data::Buffer::Buffer(unsigned int)
                0x00000000000061b0                Data::Buffer::Buffer(unsigned int)
                0x00000000000062d0                Data::Buffer::Buffer(char const*, unsigned int)
                0x00000000000062d0                Data::Buffer::Buffer(char const*, unsigned int)
                0x0000000000006400                Data::Buffer::Buffer(char, unsigned int)
                0x0000000000006400                Data::Buffer::Buffer(char, unsigned int)
                0x0000000000006530                Data::Buffer::Buffer(Data::Buffer const&)
                0x0000000000006530                Data::Buffer::Buffer(Data::Buffer const&)
                0x0000000000006650                Data::Buffer::Buffer(Data::Buffer const&, unsigned int)
                0x0000000000006650                Data::Buffer::Buffer(Data::Buffer const&, unsigned int)
                0x0000000000006774                Data::Buffer::Buffer(unsigned int, Data::Buffer const&)
                0x0000000000006774                Data::Buffer::Buffer(unsigned int, Data::Buffer const&)
                0x0000000000006898                Data::Buffer::Buffer(unsigned int, Data::Buffer const&, unsigned int)
                0x0000000000006898                Data::Buffer::Buffer(unsigned int, Data::Buffer const&, unsigned int)
                0x00000000000069c0                Data::Buffer::~Buffer()
                0x00000000000069c0                Data::Buffer::~Buffer()
                0x0000000000006aac                non-virtual thunk to Data::Buffer::~Buffer()
                0x0000000000006ab4                non-virtual thunk to Data::Buffer::~Buffer()
                0x0000000000006abc                non-virtual thunk to Data::Buffer::~Buffer()
                0x0000000000006ac4                non-virtual thunk to Data::Buffer::~Buffer()
                0x0000000000006acc                non-virtual thunk to Data::Buffer::~Buffer()
                0x0000000000006ad4                non-virtual thunk to Data::Buffer::~Buffer()
                0x0000000000006adc                non-virtual thunk to Data::Buffer::~Buffer()
                0x0000000000006ae4                non-virtual thunk to Data::Buffer::~Buffer()
                0x0000000000006aec                Data::Buffer::~Buffer()
                0x0000000000006b0c                non-virtual thunk to Data::Buffer::~Buffer()
                0x0000000000006b14                non-virtual thunk to Data::Buffer::~Buffer()
                0x0000000000006b1c                non-virtual thunk to Data::Buffer::~Buffer()
                0x0000000000006b24                non-virtual thunk to Data::Buffer::~Buffer()
                0x0000000000006b2c                non-virtual thunk to Data::Buffer::~Buffer()
                0x0000000000006b34                non-virtual thunk to Data::Buffer::~Buffer()
                0x0000000000006b3c                non-virtual thunk to Data::Buffer::~Buffer()
                0x0000000000006b44                non-virtual thunk to Data::Buffer::~Buffer()
                0x0000000000006b4c                Data::Buffer::GetLength() const
                0x0000000000006b64                Data::Buffer::Clean()
                0x0000000000006ba4                non-virtual thunk to Data::Buffer::Clean()
                0x0000000000006bac                Data::Buffer::IsEmpty() const
                0x0000000000006bd4                non-virtual thunk to Data::Buffer::IsEmpty() const
                0x0000000000006bdc                Data::Buffer::CopyTo(Data::Buffer&) const
                0x0000000000006c08                Data::Buffer::CopyTo(Data::Buffer&, unsigned int) const
                0x0000000000006c2c                Data::Buffer::CopyTo(unsigned int, Data::Buffer&) const
                0x0000000000006c68                Data::Buffer::CopyTo(unsigned int, Data::Buffer&, unsigned int) const
                0x0000000000006cd8                Data::Buffer::operator[](unsigned int)
                0x0000000000006d28                non-virtual thunk to Data::Buffer::operator[](unsigned int)
                0x0000000000006d30                Data::Buffer::operator+(Data::Buffer const&) const
                0x0000000000006ddc                non-virtual thunk to Data::Buffer::operator+(Data::Buffer const&) const
                0x0000000000006de4                Data::Buffer::operator+=(Data::Buffer const&)
                0x0000000000006e58                non-virtual thunk to Data::Buffer::operator+=(Data::Buffer const&)
                0x0000000000006e60                Data::Buffer::operator=(Data::Buffer const&)
                0x0000000000006e7c                non-virtual thunk to Data::Buffer::operator=(Data::Buffer const&)
                0x0000000000006e84                Data::Buffer::CompareTo(Data::Buffer const&) const
                0x0000000000006ec8                non-virtual thunk to Data::Buffer::CompareTo(Data::Buffer const&) const
                0x0000000000006ed0                Data::Buffer::Resize(unsigned int)
                0x0000000000006fb8                Data::Buffer::CheckCapacity(unsigned int)
                0x0000000000006ff8                Data::Buffer::Add(char)
                0x0000000000007028                Data::Buffer::Add(char, unsigned int)
                0x0000000000007058                Data::Buffer::Add(Data::Buffer const&)
                0x0000000000007084                Data::Buffer::Add(Data::Buffer const&, unsigned int)
                0x00000000000070b4                Data::Buffer::Add(unsigned int, Data::Buffer const&)
                0x00000000000070e4                Data::Buffer::Add(unsigned int, Data::Buffer const&, unsigned int)
                0x0000000000007118                Data::Buffer::Add(char const*)
                0x0000000000007174                Data::Buffer::Add(char const*, unsigned int)
                0x00000000000071a4                Data::Buffer::AddArguments(char const*, std::__va_list)
                0x00000000000071d4                Data::Buffer::GetSize() const
                0x00000000000071ec                Data::Buffer::GetBytes(unsigned int) const
                0x0000000000007214                Data::Buffer::Remove(unsigned int)
                0x000000000000726c                Data::Buffer::Read(unsigned int) const
                0x0000000000007298                Data::Buffer::Read(unsigned int, Data::Buffer&, unsigned int) const
                0x00000000000072c0                Data::Buffer::Read(unsigned int, unsigned int, Data::Buffer&, unsigned int) const
                0x00000000000072fc                Data::Buffer::Read(unsigned int, char*, unsigned int) const
                0x0000000000007324                Data::Buffer::Read(unsigned int, char*, unsigned int, unsigned int) const
                0x0000000000007360                Data::Buffer::SetChar(char)
                0x0000000000007388                Data::Buffer::SetChar(char, unsigned int)
                0x00000000000073ac                Data::Buffer::SearchChar(char) const
                0x00000000000073dc                Data::Buffer::SearchChar(char, unsigned int) const
                0x0000000000007408                Data::Buffer::SearchChar(unsigned int, char) const
                0x0000000000007444                Data::Buffer::SearchChar(unsigned int, char, unsigned int) const
                0x0000000000007498                Data::Buffer::SearchAnyChar(Data::Buffer const&) const
                0x00000000000074c4                Data::Buffer::SearchAnyChar(Data::Buffer const&, unsigned int) const
                0x00000000000074f0                Data::Buffer::SearchAnyChar(unsigned int, Data::Buffer const&) const
                0x000000000000752c                Data::Buffer::SearchAnyChar(unsigned int, Data::Buffer const&, unsigned int) const
                0x0000000000007618                Data::Buffer::Write(unsigned int, char)
                0x000000000000763c                Data::Buffer::Write(unsigned int, char, unsigned int)
                0x00000000000076a8                Data::Buffer::Write(unsigned int, Data::Buffer const&)
                0x00000000000076dc                Data::Buffer::Write(unsigned int, Data::Buffer const&, unsigned int)
                0x000000000000770c                Data::Buffer::Write(unsigned int, unsigned int, Data::Buffer const&)
                0x000000000000774c                Data::Buffer::Write(unsigned int, unsigned int, Data::Buffer const&, unsigned int)
                0x0000000000007780                Data::Buffer::Write(unsigned int, char const*)
                0x00000000000077a8                Data::Buffer::Write(unsigned int, char const*, unsigned int)
                0x0000000000007834                Data::Buffer::WriteFormat(unsigned int, char const*, ...)
                0x00000000000078b8                Data::Buffer::WriteArguments(unsigned int, char const*, std::__va_list)
                0x000000000000798c                Data::Buffer::ToInteger() const
                0x00000000000079a8                Data::Buffer::SubBuffer(unsigned int) const
                0x00000000000079c8                Data::Buffer::SubBuffer(unsigned int, unsigned int) const
                0x00000000000079ec                Data::Buffer::Concat(Data::Buffer const&, Data::Buffer const&)
                0x0000000000007a78                Data::Buffer::Format(char const*, ...)
                0x0000000000007b0c                Data::Buffer::Compare(Data::Buffer const&, Data::Buffer const&)
                0x0000000000007b70                Data::Buffer::Compare(Data::Buffer const&, Data::Buffer const&, bool)
                0x0000000000007bd8                Data::Buffer::Compare(Data::Buffer const&, Data::Buffer const&, unsigned int)
                0x0000000000007c04                Data::Buffer::Compare(Data::Buffer const&, Data::Buffer const&, unsigned int, bool)
                0x0000000000007c30                Data::Buffer::Compare(Data::Buffer const&, unsigned int, Data::Buffer const&, unsigned int, unsigned int)
                0x0000000000007c5c                Data::Buffer::Compare(Data::Buffer const&, unsigned int, Data::Buffer const&, unsigned int, unsigned int, bool)
                0x0000000000007d34                Data::Buffer::NumericToBuffer(unsigned char)
                0x0000000000007d54                Data::Buffer::NumericToBuffer(unsigned short)
                0x0000000000007d74                Data::Buffer::NumericToBuffer(unsigned int)
                0x0000000000007d94                Data::Buffer::NumericToBuffer(unsigned long long)
                0x0000000000007db4                Data::Buffer::NumericToBuffer(float)
                0x0000000000007dd4                Data::Buffer::NumericToBuffer(double)
                0x0000000000007df4                Data::Buffer::ToNumeric16(Data::Buffer const&)
                0x0000000000007e38                Data::Buffer::ToNumeric32(Data::Buffer const&)
                0x0000000000007e7c                Data::Buffer::ToNumeric64(Data::Buffer const&)
                0x0000000000007ec4                Data::Buffer::ToNumericSingle(Data::Buffer const&)
                0x0000000000007f10                Data::Buffer::ToNumericDouble(Data::Buffer const&)
                0x0000000000007f5c                Data::Buffer::XOR(Data::Buffer const&, Data::Buffer const&)
                0x0000000000007ff4                Data::Buffer::XOR(Data::Buffer const&, Data::Buffer const&, unsigned int)
                0x0000000000008044                Data::Buffer::XOR(unsigned int, Data::Buffer const&, unsigned int, Data::Buffer const&, unsigned int)
                0x0000000000008160                Data::Buffer::Reverse(Data::Buffer const&)
                0x00000000000081b0                Data::Buffer::Reverse(Data::Buffer const&, unsigned int)
                0x00000000000081f4                Data::Buffer::Reverse(unsigned int, Data::Buffer const&)
                0x0000000000008250                Data::Buffer::Reverse(unsigned int, Data::Buffer const&, unsigned int)
                0x0000000000008314                Data::Buffer::SetLength(unsigned int)
                0x0000000000008330                Data::Buffer::SetSize(unsigned int)
                0x000000000000834c                Data::Buffer::CheckValue() const
                0x0000000000008388                Data::Buffer::ValidateBySize(unsigned int) const
                0x00000000000083e4                Data::Buffer::ValidateBySize(unsigned int, unsigned int) const
                0x0000000000008494                Data::Buffer::ValidateByLength(unsigned int) const
                0x00000000000084f8                Data::Buffer::ValidateByLength(unsigned int, unsigned int) const
 .text._ZN10Interfaces11IContenibleD2Ev
                0x000000000000861c       0x38 C:/Users/XMF3944/Documents/Ingenico/ImplementacionesDemos/TestAppFramwork/Libs/Framework/Bin/FrameworkLib.a(Buffer.o)
                0x000000000000861c                Interfaces::IContenible::~IContenible()
                0x000000000000861c                Interfaces::IContenible::~IContenible()
 .text._ZN10Interfaces11IContenibleD0Ev
                0x0000000000008654       0x20 C:/Users/XMF3944/Documents/Ingenico/ImplementacionesDemos/TestAppFramwork/Libs/Framework/Bin/FrameworkLib.a(Buffer.o)
                0x0000000000008654                Interfaces::IContenible::~IContenible()
 .text._ZN10Interfaces11IConteniblemLEi
                0x0000000000008674       0x20 C:/Users/XMF3944/Documents/Ingenico/ImplementacionesDemos/TestAppFramwork/Libs/Framework/Bin/FrameworkLib.a(Buffer.o)
                0x0000000000008674                Interfaces::IContenible::operator*=(int)
 .text._ZNK10Interfaces11IConteniblentEv
                0x0000000000008694       0x20 C:/Users/XMF3944/Documents/Ingenico/ImplementacionesDemos/TestAppFramwork/Libs/Framework/Bin/FrameworkLib.a(Buffer.o)
                0x0000000000008694                Interfaces::IContenible::operator!() const
 .text._ZNK10Interfaces11IContenible10IsNotEmptyEv
                0x00000000000086b4       0x24 C:/Users/XMF3944/Documents/Ingenico/ImplementacionesDemos/TestAppFramwork/Libs/Framework/Bin/FrameworkLib.a(Buffer.o)
                0x00000000000086b4                Interfaces::IContenible::IsNotEmpty() const
 .text._ZN10Interfaces7ILengthD2Ev
                0x00000000000086d8       0x38 C:/Users/XMF3944/Documents/Ingenico/ImplementacionesDemos/TestAppFramwork/Libs/Framework/Bin/FrameworkLib.a(Buffer.o)
                0x00000000000086d8                Interfaces::ILength::~ILength()
                0x00000000000086d8                Interfaces::ILength::~ILength()
 .text._ZN10Interfaces7ILengthD0Ev
                0x0000000000008710       0x20 C:/Users/XMF3944/Documents/Ingenico/ImplementacionesDemos/TestAppFramwork/Libs/Framework/Bin/FrameworkLib.a(Buffer.o)
                0x0000000000008710                Interfaces::ILength::~ILength()
 .text._ZN10Interfaces7ILengthC2Ev
                0x0000000000008730       0x30 C:/Users/XMF3944/Documents/Ingenico/ImplementacionesDemos/TestAppFramwork/Libs/Framework/Bin/FrameworkLib.a(Buffer.o)
                0x0000000000008730                Interfaces::ILength::ILength()
                0x0000000000008730                Interfaces::ILength::ILength()
 .text._ZN10Interfaces11IContenibleC2Ev
                0x0000000000008760       0x30 C:/Users/XMF3944/Documents/Ingenico/ImplementacionesDemos/TestAppFramwork/Libs/Framework/Bin/FrameworkLib.a(Buffer.o)
                0x0000000000008760                Interfaces::IContenible::IContenible()
                0x0000000000008760                Interfaces::IContenible::IContenible()
 .text._ZN10Interfaces10IIndexableIcEC2Ev
                0x0000000000008790       0x30 C:/Users/XMF3944/Documents/Ingenico/ImplementacionesDemos/TestAppFramwork/Libs/Framework/Bin/FrameworkLib.a(Buffer.o)
                0x0000000000008790                Interfaces::IIndexable<char>::IIndexable()
                0x0000000000008790                Interfaces::IIndexable<char>::IIndexable()
 .text._ZN10Interfaces9IAdditionIN4Data6BufferEEC2Ev
                0x00000000000087c0       0x30 C:/Users/XMF3944/Documents/Ingenico/ImplementacionesDemos/TestAppFramwork/Libs/Framework/Bin/FrameworkLib.a(Buffer.o)
                0x00000000000087c0                Interfaces::IAddition<Data::Buffer>::IAddition()
                0x00000000000087c0                Interfaces::IAddition<Data::Buffer>::IAddition()
 .text._ZN10Interfaces11IAssignableIN4Data6BufferEEC2Ev
                0x00000000000087f0       0x30 C:/Users/XMF3944/Documents/Ingenico/ImplementacionesDemos/TestAppFramwork/Libs/Framework/Bin/FrameworkLib.a(Buffer.o)
                0x00000000000087f0                Interfaces::IAssignable<Data::Buffer>::IAssignable()
                0x00000000000087f0                Interfaces::IAssignable<Data::Buffer>::IAssignable()
 .text._ZN10Interfaces11IComparableIN4Data6BufferEEC2Ev
                0x0000000000008820       0x30 C:/Users/XMF3944/Documents/Ingenico/ImplementacionesDemos/TestAppFramwork/Libs/Framework/Bin/FrameworkLib.a(Buffer.o)
                0x0000000000008820                Interfaces::IComparable<Data::Buffer>::IComparable()
                0x0000000000008820                Interfaces::IComparable<Data::Buffer>::IComparable()
 .text._ZN10Interfaces12IEqualitableIN4Data6BufferEEC2Ev
                0x0000000000008850       0x30 C:/Users/XMF3944/Documents/Ingenico/ImplementacionesDemos/TestAppFramwork/Libs/Framework/Bin/FrameworkLib.a(Buffer.o)
                0x0000000000008850                Interfaces::IEqualitable<Data::Buffer>::IEqualitable()
                0x0000000000008850                Interfaces::IEqualitable<Data::Buffer>::IEqualitable()
 .text._ZN10Interfaces10IGreatThanIN4Data6BufferEEC2Ev
                0x0000000000008880       0x30 C:/Users/XMF3944/Documents/Ingenico/ImplementacionesDemos/TestAppFramwork/Libs/Framework/Bin/FrameworkLib.a(Buffer.o)
                0x0000000000008880                Interfaces::IGreatThan<Data::Buffer>::IGreatThan()
                0x0000000000008880                Interfaces::IGreatThan<Data::Buffer>::IGreatThan()
 .text._ZN10Interfaces9ILessThanIN4Data6BufferEEC2Ev
                0x00000000000088b0       0x30 C:/Users/XMF3944/Documents/Ingenico/ImplementacionesDemos/TestAppFramwork/Libs/Framework/Bin/FrameworkLib.a(Buffer.o)
                0x00000000000088b0                Interfaces::ILessThan<Data::Buffer>::ILessThan()
                0x00000000000088b0                Interfaces::ILessThan<Data::Buffer>::ILessThan()
 .text._ZN10Interfaces11IComparisonIN4Data6BufferEEC2Ev
                0x00000000000088e0       0x74 C:/Users/XMF3944/Documents/Ingenico/ImplementacionesDemos/TestAppFramwork/Libs/Framework/Bin/FrameworkLib.a(Buffer.o)
                0x00000000000088e0                Interfaces::IComparison<Data::Buffer>::IComparison()
                0x00000000000088e0                Interfaces::IComparison<Data::Buffer>::IComparison()
 .text._ZN10Interfaces10IIndexableIcED2Ev
                0x0000000000008954       0x38 C:/Users/XMF3944/Documents/Ingenico/ImplementacionesDemos/TestAppFramwork/Libs/Framework/Bin/FrameworkLib.a(Buffer.o)
                0x0000000000008954                Interfaces::IIndexable<char>::~IIndexable()
                0x0000000000008954                Interfaces::IIndexable<char>::~IIndexable()
 .text._ZN10Interfaces10IIndexableIcED0Ev
                0x000000000000898c       0x20 C:/Users/XMF3944/Documents/Ingenico/ImplementacionesDemos/TestAppFramwork/Libs/Framework/Bin/FrameworkLib.a(Buffer.o)
                0x000000000000898c                Interfaces::IIndexable<char>::~IIndexable()
 .text._ZN10Interfaces9IAdditionIN4Data6BufferEED2Ev
                0x00000000000089ac       0x38 C:/Users/XMF3944/Documents/Ingenico/ImplementacionesDemos/TestAppFramwork/Libs/Framework/Bin/FrameworkLib.a(Buffer.o)
                0x00000000000089ac                Interfaces::IAddition<Data::Buffer>::~IAddition()
                0x00000000000089ac                Interfaces::IAddition<Data::Buffer>::~IAddition()
 .text._ZN10Interfaces9IAdditionIN4Data6BufferEED0Ev
                0x00000000000089e4       0x20 C:/Users/XMF3944/Documents/Ingenico/ImplementacionesDemos/TestAppFramwork/Libs/Framework/Bin/FrameworkLib.a(Buffer.o)
                0x00000000000089e4                Interfaces::IAddition<Data::Buffer>::~IAddition()
 .text._ZN10Interfaces11IAssignableIN4Data6BufferEED2Ev
                0x0000000000008a04       0x38 C:/Users/XMF3944/Documents/Ingenico/ImplementacionesDemos/TestAppFramwork/Libs/Framework/Bin/FrameworkLib.a(Buffer.o)
                0x0000000000008a04                Interfaces::IAssignable<Data::Buffer>::~IAssignable()
                0x0000000000008a04                Interfaces::IAssignable<Data::Buffer>::~IAssignable()
 .text._ZN10Interfaces11IAssignableIN4Data6BufferEED0Ev
                0x0000000000008a3c       0x20 C:/Users/XMF3944/Documents/Ingenico/ImplementacionesDemos/TestAppFramwork/Libs/Framework/Bin/FrameworkLib.a(Buffer.o)
                0x0000000000008a3c                Interfaces::IAssignable<Data::Buffer>::~IAssignable()
 .text._ZN10Interfaces11IComparableIN4Data6BufferEED2Ev
                0x0000000000008a5c       0x38 C:/Users/XMF3944/Documents/Ingenico/ImplementacionesDemos/TestAppFramwork/Libs/Framework/Bin/FrameworkLib.a(Buffer.o)
                0x0000000000008a5c                Interfaces::IComparable<Data::Buffer>::~IComparable()
                0x0000000000008a5c                Interfaces::IComparable<Data::Buffer>::~IComparable()
 .text._ZN10Interfaces11IComparableIN4Data6BufferEED0Ev
                0x0000000000008a94       0x20 C:/Users/XMF3944/Documents/Ingenico/ImplementacionesDemos/TestAppFramwork/Libs/Framework/Bin/FrameworkLib.a(Buffer.o)
                0x0000000000008a94                Interfaces::IComparable<Data::Buffer>::~IComparable()
 .text._ZN10Interfaces12IEqualitableIN4Data6BufferEED2Ev
                0x0000000000008ab4       0x38 C:/Users/XMF3944/Documents/Ingenico/ImplementacionesDemos/TestAppFramwork/Libs/Framework/Bin/FrameworkLib.a(Buffer.o)
                0x0000000000008ab4                Interfaces::IEqualitable<Data::Buffer>::~IEqualitable()
                0x0000000000008ab4                Interfaces::IEqualitable<Data::Buffer>::~IEqualitable()
 .text._ZN10Interfaces12IEqualitableIN4Data6BufferEED0Ev
                0x0000000000008aec       0x20 C:/Users/XMF3944/Documents/Ingenico/ImplementacionesDemos/TestAppFramwork/Libs/Framework/Bin/FrameworkLib.a(Buffer.o)
                0x0000000000008aec                Interfaces::IEqualitable<Data::Buffer>::~IEqualitable()
 .text._ZN10Interfaces10IGreatThanIN4Data6BufferEED2Ev
                0x0000000000008b0c       0x38 C:/Users/XMF3944/Documents/Ingenico/ImplementacionesDemos/TestAppFramwork/Libs/Framework/Bin/FrameworkLib.a(Buffer.o)
                0x0000000000008b0c                Interfaces::IGreatThan<Data::Buffer>::~IGreatThan()
                0x0000000000008b0c                Interfaces::IGreatThan<Data::Buffer>::~IGreatThan()
 .text._ZN10Interfaces10IGreatThanIN4Data6BufferEED0Ev
                0x0000000000008b44       0x20 C:/Users/XMF3944/Documents/Ingenico/ImplementacionesDemos/TestAppFramwork/Libs/Framework/Bin/FrameworkLib.a(Buffer.o)
                0x0000000000008b44                Interfaces::IGreatThan<Data::Buffer>::~IGreatThan()
 .text._ZN10Interfaces9ILessThanIN4Data6BufferEED2Ev
                0x0000000000008b64       0x38 C:/Users/XMF3944/Documents/Ingenico/ImplementacionesDemos/TestAppFramwork/Libs/Framework/Bin/FrameworkLib.a(Buffer.o)
                0x0000000000008b64                Interfaces::ILessThan<Data::Buffer>::~ILessThan()
                0x0000000000008b64                Interfaces::ILessThan<Data::Buffer>::~ILessThan()
 .text._ZN10Interfaces9ILessThanIN4Data6BufferEED0Ev
                0x0000000000008b9c       0x20 C:/Users/XMF3944/Documents/Ingenico/ImplementacionesDemos/TestAppFramwork/Libs/Framework/Bin/FrameworkLib.a(Buffer.o)
                0x0000000000008b9c                Interfaces::ILessThan<Data::Buffer>::~ILessThan()
 .text._ZN10Interfaces11IComparisonIN4Data6BufferEED2Ev
                0x0000000000008bbc       0x98 C:/Users/XMF3944/Documents/Ingenico/ImplementacionesDemos/TestAppFramwork/Libs/Framework/Bin/FrameworkLib.a(Buffer.o)
                0x0000000000008bbc                Interfaces::IComparison<Data::Buffer>::~IComparison()
                0x0000000000008bbc                Interfaces::IComparison<Data::Buffer>::~IComparison()
                0x0000000000008c3c                non-virtual thunk to Interfaces::IComparison<Data::Buffer>::~IComparison()
                0x0000000000008c44                non-virtual thunk to Interfaces::IComparison<Data::Buffer>::~IComparison()
                0x0000000000008c4c                non-virtual thunk to Interfaces::IComparison<Data::Buffer>::~IComparison()
 .text._ZN10Interfaces11IComparisonIN4Data6BufferEED0Ev
                0x0000000000008c54       0x38 C:/Users/XMF3944/Documents/Ingenico/ImplementacionesDemos/TestAppFramwork/Libs/Framework/Bin/FrameworkLib.a(Buffer.o)
                0x0000000000008c54                Interfaces::IComparison<Data::Buffer>::~IComparison()
                0x0000000000008c74                non-virtual thunk to Interfaces::IComparison<Data::Buffer>::~IComparison()
                0x0000000000008c7c                non-virtual thunk to Interfaces::IComparison<Data::Buffer>::~IComparison()
                0x0000000000008c84                non-virtual thunk to Interfaces::IComparison<Data::Buffer>::~IComparison()
 .text._ZNK10Interfaces12IEqualitableIN4Data6BufferEEneERKS2_
                0x0000000000008c8c       0x28 C:/Users/XMF3944/Documents/Ingenico/ImplementacionesDemos/TestAppFramwork/Libs/Framework/Bin/FrameworkLib.a(Buffer.o)
                0x0000000000008c8c                Interfaces::IEqualitable<Data::Buffer>::operator!=(Data::Buffer const&) const
 .text          0x0000000000008cb4      0x358 C:/Users/XMF3944/Documents/Ingenico/ImplementacionesDemos/TestAppFramwork/Libs/Framework/Bin/FrameworkLib.a(Str.o)
                0x0000000000008cb4                Utils::Str::GetLength(char const*)
                0x0000000000008cf8                Utils::Str::Set(char*, char, unsigned int)
                0x0000000000008d44                Utils::Str::Copy(char*, unsigned int, char const*)
                0x0000000000008d80                Utils::Str::Copy(char*, unsigned int, char const*, unsigned int)
                0x0000000000008e24                Utils::Str::CompareTo(char const*, unsigned int, char const*, unsigned int)
                0x0000000000008ec0                Utils::Str::Format(char*, unsigned int, char const*, ...)
                0x0000000000008f6c                Utils::Str::Arguments(char*, unsigned int, char const*, std::__va_list)
 .text          0x000000000000900c      0x7c4 C:/Users/XMF3944/Documents/Ingenico/ImplementacionesDemos/TestAppFramwork/Libs/Framework/Bin/FrameworkLib.a(Exception.o)
                0x0000000000009038                Utils::Exception::GetMessage(Utils::Exception::EType)
                0x000000000000917c                Utils::Exception::Throw(char const*, char const*, unsigned int, Utils::Exception::EType)
                0x0000000000009260                Utils::Exception::Throw(char const*, char const*, unsigned int, Utils::Exception::EType, char const*, ...)
                0x000000000000937c                Utils::Exception::BuildMessage(Utils::Exception::EType)
                0x000000000000944c                Utils::Exception::BuildHeader(char const*, char const*, unsigned int)
                0x000000000000976c                Utils::Exception::BuildAddicional(char const*, std::__va_list)
 .text          0x00000000000097d0      0x1dc C:/Users/XMF3944/Documents/Ingenico/ImplementacionesDemos/TestAppFramwork/Libs/Framework/Bin/FrameworkLib.a(Char.o)
                0x00000000000097d0                Utils::Char::IsControl(char)
                0x00000000000097f8                Utils::Char::IsHexaDigit(char)
                0x0000000000009820                Utils::Char::IsLetter(char)
                0x0000000000009848                Utils::Char::IsNumber(char)
                0x000000000000986c                Utils::Char::IsLetterOrNumber(char)
                0x0000000000009894                Utils::Char::IsLower(char)
                0x00000000000098bc                Utils::Char::IsUpper(char)
                0x00000000000098e4                Utils::Char::IsWhiteSpace(char)
                0x000000000000990c                Utils::Char::ToLower(char)
                0x000000000000992c                Utils::Char::ToUpper(char)
                0x000000000000994c                Utils::Char::ToHexa(char)
                0x0000000000009980                Utils::Char::HexaToChar(unsigned char)
 .text          0x00000000000099ac       0x54 C:/Program Files/TeliumSDK/SDK11.20.3.PatchF/SDKTPLUS/HW_TETRA/gnu_531/lib/Platform/libwrapper_tplus.lib(Beep.o)
                0x00000000000099b4                Beep
 .text          0x0000000000009a00       0x7c C:/Program Files/TeliumSDK/SDK11.20.3.PatchF/SDKTPLUS/HW_TETRA/gnu_531/lib/Platform/libwrapper_tplus.lib(extenstp1.o)
                0x0000000000009a00                GetProcAddressExtens
                0x0000000000009a20                extenslib_open
                0x0000000000009a64                extenslib_close
 .text          0x0000000000009a7c       0x60 C:/Program Files/TeliumSDK/SDK11.20.3.PatchF/SDKTPLUS/HW_TETRA/gnu_531/lib/Platform/libwrapper_tplus.lib(Telium_Fclose.o)
                0x0000000000009a8c                Telium_Fclose
 .text          0x0000000000009adc       0x60 C:/Program Files/TeliumSDK/SDK11.20.3.PatchF/SDKTPLUS/HW_TETRA/gnu_531/lib/Platform/libwrapper_tplus.lib(Telium_Fopen.o)
                0x0000000000009aec                Telium_Fopen
 .text          0x0000000000009b3c       0x60 C:/Program Files/TeliumSDK/SDK11.20.3.PatchF/SDKTPLUS/HW_TETRA/gnu_531/lib/Platform/libwrapper_tplus.lib(Telium_Ttestall.o)
                0x0000000000009b4c                Telium_Ttestall
 .text          0x0000000000009b9c       0x60 C:/Program Files/TeliumSDK/SDK11.20.3.PatchF/SDKTPLUS/HW_TETRA/gnu_531/lib/Platform/libwrapper_tplus.lib(Telium_Read_date.o)
                0x0000000000009bb0                Telium_Read_date
 .text          0x0000000000009bfc       0x64 C:/Program Files/TeliumSDK/SDK11.20.3.PatchF/SDKTPLUS/HW_TETRA/gnu_531/lib/Platform/libwrapper_tplus.lib(Telium_ServiceRegister.o)
                0x0000000000009c14                Telium_ServiceRegister
 .text          0x0000000000009c60       0x30 C:/Program Files/TeliumSDK/SDK11.20.3.PatchF/SDKTPLUS/HW_TETRA/gnu_531/lib/Platform/libwrapper_tplus.lib(Telium_Pprintf.o)
                0x0000000000009c60                Telium_Pprintf
 .text          0x0000000000009c90       0x22 C:/Program Files/TeliumSDK/SDK11.20.3.PatchF/SDKTPLUS/HW_TETRA/gnu_531/lib/Platform/libwrapper_tplus.lib(Telium_Printf.o)
                0x0000000000009c90                Telium_Printf
 *fill*         0x0000000000009cb2        0x2 
 .text          0x0000000000009cb4       0x20 C:/Program Files/TeliumSDK/SDK11.20.3.PatchF/SDKTPLUS/HW_TETRA/gnu_531/lib/Platform/libwrapper_tplus.lib(Telium_Stdprt.o)
                0x0000000000009cbc                Telium_Stdprt
 .text          0x0000000000009cd4       0x64 C:/Program Files/TeliumSDK/SDK11.20.3.PatchF/SDKTPLUS/HW_TETRA/gnu_531/lib/Platform/libwrapper_tplus.lib(ApplicationGetCurrent.o)
                0x0000000000009cec                ApplicationGetCurrent
 .text          0x0000000000009d38       0x58 C:/Program Files/TeliumSDK/SDK11.20.3.PatchF/SDKTPLUS/HW_TETRA/gnu_531/lib/Platform/libwrapper_tplus.lib(FS_close.o)
                0x0000000000009d44                FS_close
 .text          0x0000000000009d90       0x58 C:/Program Files/TeliumSDK/SDK11.20.3.PatchF/SDKTPLUS/HW_TETRA/gnu_531/lib/Platform/libwrapper_tplus.lib(FS_length.o)
                0x0000000000009d9c                FS_length
 .text          0x0000000000009de8       0x58 C:/Program Files/TeliumSDK/SDK11.20.3.PatchF/SDKTPLUS/HW_TETRA/gnu_531/lib/Platform/libwrapper_tplus.lib(FS_mount.o)
                0x0000000000009df4                FS_mount
 .text          0x0000000000009e40       0x54 C:/Program Files/TeliumSDK/SDK11.20.3.PatchF/SDKTPLUS/HW_TETRA/gnu_531/lib/Platform/libwrapper_tplus.lib(FS_open.o)
                0x0000000000009e48                FS_open
 .text          0x0000000000009e94       0x54 C:/Program Files/TeliumSDK/SDK11.20.3.PatchF/SDKTPLUS/HW_TETRA/gnu_531/lib/Platform/libwrapper_tplus.lib(FS_read.o)
                0x0000000000009e9c                FS_read
 .text          0x0000000000009ee8       0x58 C:/Program Files/TeliumSDK/SDK11.20.3.PatchF/SDKTPLUS/HW_TETRA/gnu_531/lib/Platform/libwrapper_tplus.lib(FS_unmount.o)
                0x0000000000009ef4                FS_unmount
 .text          0x0000000000009f40       0x58 C:/Program Files/TeliumSDK/SDK11.20.3.PatchF/SDKTPLUS/HW_TETRA/gnu_531/lib/Platform/libwrapper_tplus.lib(FS_write.o)
                0x0000000000009f4c                FS_write
 .text          0x0000000000009f98       0x5c C:/Program Files/TeliumSDK/SDK11.20.3.PatchF/SDKTPLUS/HW_TETRA/gnu_531/lib/Platform/libwrapper_tplus.lib(ObjectGetInfo.o)
                0x0000000000009fa8                ObjectGetInfo
 .text          0x0000000000009ff4       0x58 C:/Program Files/TeliumSDK/SDK11.20.3.PatchF/SDKTPLUS/HW_TETRA/gnu_531/lib/Platform/libwrapper_tplus.lib(first_init.o)
                0x000000000000a000                first_init
 .text          0x000000000000a04c       0x58 C:/Program Files/TeliumSDK/SDK11.20.3.PatchF/SDKTPLUS/HW_TETRA/gnu_531/lib/Platform/libwrapper_tplus.lib(raz_init.o)
                0x000000000000a058                raz_init
 .text          0x000000000000a0a4       0x60 C:/Program Files/TeliumSDK/SDK11.20.3.PatchF/SDKTPLUS/HW_TETRA/gnu_531/lib/Platform/libwrapper_tplus.lib(DisplayFooter.o)
                0x000000000000a0b8                DisplayFooter
 .text          0x000000000000a104       0x60 C:/Program Files/TeliumSDK/SDK11.20.3.PatchF/SDKTPLUS/HW_TETRA/gnu_531/lib/Platform/libwrapper_tplus.lib(DisplayHeader.o)
                0x000000000000a118                DisplayHeader
 .text          0x000000000000a164       0x5c C:/Program Files/TeliumSDK/SDK11.20.3.PatchF/SDKTPLUS/HW_TETRA/gnu_531/lib/Platform/libwrapper_tplus.lib(DisplayLeds.o)
                0x000000000000a174                DisplayLeds
 .text          0x000000000000a1c0       0x5c C:/Program Files/TeliumSDK/SDK11.20.3.PatchF/SDKTPLUS/HW_TETRA/gnu_531/lib/Platform/libwrapper_tplus.lib(ReadDateBooster.o)
                0x000000000000a1d0                ReadDateBooster
 .text          0x000000000000a21c       0x5c C:/Program Files/TeliumSDK/SDK11.20.3.PatchF/SDKTPLUS/HW_TETRA/gnu_531/lib/Platform/libwrapper_tplus.lib(Telium_Exit.o)
                0x000000000000a22c                Telium_Exit
 .text          0x000000000000a278       0x70 C:/Program Files/TeliumSDK/SDK11.20.3.PatchF/SDKTPLUS/HW_TETRA/gnu_531/lib/Platform/libwrapper_tplus.lib(emulationtp1.o)
                0x000000000000a278                GetProcAddressEmulation
                0x000000000000a298                emulationlib_open
                0x000000000000a2d0                emulationlib_close
 .text          0x000000000000a2e8       0x60 C:/Program Files/TeliumSDK/SDK11.20.3.PatchF/SDKTPLUS/HW_TETRA/gnu_531/lib/Platform/libwrapper_tplus.lib(Telium_Stdout.o)
                0x000000000000a2f8                Telium_Stdout
 .text          0x000000000000a348       0x60 C:/Program Files/TeliumSDK/SDK11.20.3.PatchF/SDKTPLUS/HW_TETRA/gnu_531/lib/Platform/libwrapper_tplus.lib(Telium_Stdperif.o)
                0x000000000000a358                Telium_Stdperif
 .text          0x000000000000a3a8       0x50 C:/Program Files/TeliumSDK/SDK11.20.3.PatchF/SDKTPLUS/HW_TETRA/gnu_531/lib/Platform/libwrapper_tplus.lib(extensttrois9.o)
                0x000000000000a3a8                Telium_Vfprintf
 .text          0x000000000000a3f8       0x7c C:/Program Files/TeliumSDK/SDK11.20.3.PatchF/SDKTPLUS/HW_TETRA/gnu_531/lib/Platform/libwrapper_tplus.lib(toolstp1.o)
                0x000000000000a3f8                GetProcAddressTools
                0x000000000000a418                toolslib_open
                0x000000000000a45c                toolslib_close
 .text          0x000000000000a474       0x70 C:/Program Files/TeliumSDK/SDK11.20.3.PatchF/SDKTPLUS/HW_TETRA/gnu_531/lib/Platform/libwrapper_tplus.lib(wrappertp1.o)
                0x000000000000a474                GetProcAddressWrapper
                0x000000000000a494                wrapperlib_open
                0x000000000000a4cc                wrapperlib_close
 .text          0x000000000000a4e4       0x20 C:/Program Files/TeliumSDK/SDK11.20.3.PatchF/SDKTPLUS/HW_TETRA/gnu_531/lib/Platform\libOSLAYER.a(OSL_Dll_OpenByAppliType.o)
                0x000000000000a4ee                OSL_Dll_OpenByAppliType
 .text          0x000000000000a504       0x10 C:/Program Files/TeliumSDK/SDK11.20.3.PatchF/SDKTPLUS/HW_TETRA/gnu_531/lib/Platform\libOSLAYER.a(GCCLink.o)
                0x000000000000a504                OSL_InitFuncAndBranch
 .text          0x000000000000a514       0x20 C:/Program Files/TeliumSDK/SDK11.20.3.PatchF/SDKTPLUS/HW_TETRA/gnu_531/lib/Platform\libOSLAYER.a(OSL_Dll_GetSymbolByName.o)
                0x000000000000a51e                OSL_Dll_GetSymbolByName
 .text          0x000000000000a534       0x20 C:/Program Files/TeliumSDK/SDK11.20.3.PatchF/SDKTPLUS/HW_TETRA/gnu_531/lib/Platform\libOSLAYER.a(OSL_Dll_Close.o)
                0x000000000000a53e                OSL_Dll_Close
 .text          0x000000000000a554       0xac C:/Program Files/TeliumSDK/SDK11.20.3.PatchF/SDKTPLUS/HW_TETRA/gnu_531/lib/Platform\libOSLAYER.a(OSL_link.o)
                0x000000000000a554                OSL_GetProcAddress
                0x000000000000a5d4                OSL_IsPresent
 .text          0x000000000000a600       0x30 C:/Program Files/TeliumSDK/SDK11.20.3.PatchF/SDKTPLUS/HW_TETRA/gnu_531/lib/Platform\libGRAPHICLIB.a(GL_Widget_SetFontScale.o)
                0x000000000000a61c                GL_Widget_SetFontScale
 .text          0x000000000000a630       0x30 C:/Program Files/TeliumSDK/SDK11.20.3.PatchF/SDKTPLUS/HW_TETRA/gnu_531/lib/Platform\libGRAPHICLIB.a(GL_Message_GetWindow.o)
                0x000000000000a64c                GL_Message_GetWindow
 .text          0x000000000000a660       0x30 C:/Program Files/TeliumSDK/SDK11.20.3.PatchF/SDKTPLUS/HW_TETRA/gnu_531/lib/Platform\libGRAPHICLIB.a(GL_Dialog_Menu.o)
                0x000000000000a67c                GL_Dialog_Menu
 .text          0x000000000000a690       0x30 C:/Program Files/TeliumSDK/SDK11.20.3.PatchF/SDKTPLUS/HW_TETRA/gnu_531/lib/Platform\libGRAPHICLIB.a(GL_Widget_SetText.o)
                0x000000000000a6ac                GL_Widget_SetText
 .text          0x000000000000a6c0       0x30 C:/Program Files/TeliumSDK/SDK11.20.3.PatchF/SDKTPLUS/HW_TETRA/gnu_531/lib/Platform\libGRAPHICLIB.a(GL_Widget_SearchId.o)
                0x000000000000a6dc                GL_Widget_SearchId
 .text          0x000000000000a6f0       0x30 C:/Program Files/TeliumSDK/SDK11.20.3.PatchF/SDKTPLUS/HW_TETRA/gnu_531/lib/Platform\libGRAPHICLIB.a(GL_Window_Create.o)
                0x000000000000a70c                GL_Window_Create
 .text          0x000000000000a720       0x30 C:/Program Files/TeliumSDK/SDK11.20.3.PatchF/SDKTPLUS/HW_TETRA/gnu_531/lib/Platform\libGRAPHICLIB.a(GL_Widget_Destroy.o)
                0x000000000000a73c                GL_Widget_Destroy
 .text          0x000000000000a750       0x30 C:/Program Files/TeliumSDK/SDK11.20.3.PatchF/SDKTPLUS/HW_TETRA/gnu_531/lib/Platform\libGRAPHICLIB.a(GL_Label_Create.o)
                0x000000000000a76c                GL_Label_Create
 .text          0x000000000000a780       0x30 C:/Program Files/TeliumSDK/SDK11.20.3.PatchF/SDKTPLUS/HW_TETRA/gnu_531/lib/Platform\libGRAPHICLIB.a(GL_Widget_GetText.o)
                0x000000000000a79c                GL_Widget_GetText
 .text          0x000000000000a7b0       0x30 C:/Program Files/TeliumSDK/SDK11.20.3.PatchF/SDKTPLUS/HW_TETRA/gnu_531/lib/Platform\libGRAPHICLIB.a(GL_GraphicLib_ReadResource.o)
                0x000000000000a7cc                GL_GraphicLib_ReadResource
 .text          0x000000000000a7e0       0x30 C:/Program Files/TeliumSDK/SDK11.20.3.PatchF/SDKTPLUS/HW_TETRA/gnu_531/lib/Platform\libGRAPHICLIB.a(GL_Window_MainLoop.o)
                0x000000000000a7fc                GL_Window_MainLoop
 .text          0x000000000000a810       0x30 C:/Program Files/TeliumSDK/SDK11.20.3.PatchF/SDKTPLUS/HW_TETRA/gnu_531/lib/Platform\libGRAPHICLIB.a(GL_Window_Dispatch.o)
                0x000000000000a82c                GL_Window_Dispatch
 .text          0x000000000000a840      0x168 C:/Program Files/TeliumSDK/SDK11.20.3.PatchF/SDKTPLUS/HW_TETRA/gnu_531/lib/Platform\libGRAPHICLIB.a(GL_link.o)
                0x000000000000a840                GL_GetProcAddressWithoutExit
                0x000000000000a904                GL_GetProcAddress
                0x000000000000a998                GL_IsPresent
 .text          0x000000000000a9a8       0x30 C:/Program Files/TeliumSDK/SDK11.20.3.PatchF/SDKTPLUS/HW_TETRA/gnu_531/lib/Platform\libGRAPHICLIB.a(GL_Widget_SetBackAlign.o)
                0x000000000000a9c4                GL_Widget_SetBackAlign
 .text          0x000000000000a9d8       0x30 C:/Program Files/TeliumSDK/SDK11.20.3.PatchF/SDKTPLUS/HW_TETRA/gnu_531/lib/Platform\libGRAPHICLIB.a(GL_Window_PreviousFocus.o)
                0x000000000000a9f4                GL_Window_PreviousFocus
 .text          0x000000000000aa08       0x30 C:/Program Files/TeliumSDK/SDK11.20.3.PatchF/SDKTPLUS/HW_TETRA/gnu_531/lib/Platform\libGRAPHICLIB.a(GL_Dialog_Message.o)
                0x000000000000aa24                GL_Dialog_Message
 .text          0x000000000000aa38       0x30 C:/Program Files/TeliumSDK/SDK11.20.3.PatchF/SDKTPLUS/HW_TETRA/gnu_531/lib/Platform\libGRAPHICLIB.a(GL_Message_SetResult.o)
                0x000000000000aa54                GL_Message_SetResult
 .text          0x000000000000aa68       0x30 C:/Program Files/TeliumSDK/SDK11.20.3.PatchF/SDKTPLUS/HW_TETRA/gnu_531/lib/Platform\libGRAPHICLIB.a(GL_Window_GetResult.o)
                0x000000000000aa84                GL_Window_GetResult
 .text          0x000000000000aa98       0x30 C:/Program Files/TeliumSDK/SDK11.20.3.PatchF/SDKTPLUS/HW_TETRA/gnu_531/lib/Platform\libGRAPHICLIB.a(GL_Widget_RegisterCallback.o)
                0x000000000000aab4                GL_Widget_RegisterCallback
 .text          0x000000000000aac8       0x78 C:/Program Files/TeliumSDK/SDK11.20.3.PatchF/SDKTPLUS/HW_TETRA/gnu_531/lib/Platform\libGRAPHICLIB.a(GL_GraphicLib_Create.o)
                0x000000000000aac8                GL_GraphicLib_Create
 .text          0x000000000000ab40       0x64 C:/Ingenico/IngeDev_8.24.0.9/toolchains/gnuArm531v7a-5/arm-islero-linux-gnueabihf/sysroot/usr/lib/libc_nonshared.a(elf-init.oS)
                0x000000000000ab40                __libc_csu_init
                0x000000000000aba0                __libc_csu_fini
 .text          0x000000000000aba4       0x10 C:/Ingenico/IngeDev_8.24.0.9/toolchains/gnuArm531v7a-5/arm-islero-linux-gnueabihf/sysroot/usr/lib/libc_nonshared.a(stat.oS)
                0x000000000000aba4                stat
                0x000000000000aba4                __stat
 .text          0x000000000000abb4       0x20 C:/Program Files/TeliumSDK/SDK11.20.3.PatchF/SDKTPLUS/HW_TETRA/gnu_531/lib/Platform\libOSLAYER.a(OSL_Dll_Open.o)
                0x000000000000abbe                OSL_Dll_Open
 .text          0x000000000000abd4       0x20 C:/Program Files/TeliumSDK/SDK11.20.3.PatchF/SDKTPLUS/HW_TETRA/gnu_531/lib/Platform\libOSLAYER.a(OSL_Dll_IsPresent.o)
                0x000000000000abde                OSL_Dll_IsPresent
 .text          0x000000000000abf4        0x0 C:/Ingenico/IngeDev_8.24.0.9/toolchains/gnuArm531v7a-5/lib/gcc/arm-islero-linux-gnueabihf/5.3.1/crtend.o
 .text          0x000000000000abf4        0x0 C:/Ingenico/IngeDev_8.24.0.9/toolchains/gnuArm531v7a-5/arm-islero-linux-gnueabihf/sysroot/usr/lib/crtn.o
 .text          0x000000000000abf4        0x0 C:/Program Files/TeliumSDK/SDK11.20.3.PatchF/SDKTPLUS/HW_TETRA/gnu_531/startfiles/stapp_legacyexitpoint.o
 *(.gnu.warning)
 *(.glue_7t)
 .glue_7t       0x000000000000abf4        0x0 linker stubs
 *(.glue_7)
 .glue_7        0x000000000000abf4        0x0 linker stubs
 *(.vfp11_veneer)
 .vfp11_veneer  0x000000000000abf4        0x0 linker stubs
 *(.v4_bx)
 .v4_bx         0x000000000000abf4        0x0 linker stubs

.fini           0x000000000000abf4        0x8
 *(SORT(.fini))
 .fini          0x000000000000abf4        0x4 C:/Ingenico/IngeDev_8.24.0.9/toolchains/gnuArm531v7a-5/arm-islero-linux-gnueabihf/sysroot/usr/lib/crti.o
                0x000000000000abf4                _fini
 .fini          0x000000000000abf8        0x4 C:/Ingenico/IngeDev_8.24.0.9/toolchains/gnuArm531v7a-5/arm-islero-linux-gnueabihf/sysroot/usr/lib/crtn.o
                [!provide]                        PROVIDE (__etext, .)
                [!provide]                        PROVIDE (_etext, .)
                [!provide]                        PROVIDE (etext, .)

.rodata         0x000000000000abfc     0x1128
 *(.rodata .rodata.* .gnu.linkonce.r.*)
 .rodata.cst4   0x000000000000abfc        0x4 C:/Ingenico/IngeDev_8.24.0.9/toolchains/gnuArm531v7a-5/arm-islero-linux-gnueabihf/sysroot/usr/lib/crt1.o
                0x000000000000abfc                _IO_stdin_used
 .rodata        0x000000000000ac00        0x1 Obj/GNU_ARM_DEBUG_TETRA/Main.o
 *fill*         0x000000000000ac01        0x3 
 .rodata        0x000000000000ac04      0x2d2 Obj/GNU_ARM_DEBUG_TETRA/Entry.o
 *fill*         0x000000000000aed6        0x2 
 .rodata        0x000000000000aed8       0x6d Obj/GNU_ARM_DEBUG_TETRA/Menu.o
 *fill*         0x000000000000af45        0x3 
 .rodata        0x000000000000af48       0xa6 Obj/GNU_ARM_DEBUG_TETRA/DateScreen.o
 *fill*         0x000000000000afee        0x2 
 .rodata        0x000000000000aff0      0x2dc Obj/GNU_ARM_DEBUG_TETRA/BufferTest.o
                0x000000000000b2b8                typeinfo name for Test::BufferTest
 .rodata        0x000000000000b2cc      0x1ad C:/Users/XMF3944/Documents/Ingenico/ImplementacionesDemos/TestAppFramwork/Libs/Framework/Bin/FrameworkLib.a(Buffer.o)
                0x000000000000b2dc                Data::Buffer::MaxSize
                0x000000000000b3dc                typeinfo name for Data::Buffer
 *fill*         0x000000000000b479        0x3 
 .rodata._ZTSN10Interfaces11IComparisonIN4Data6BufferEEE
                0x000000000000b47c       0x2c C:/Users/XMF3944/Documents/Ingenico/ImplementacionesDemos/TestAppFramwork/Libs/Framework/Bin/FrameworkLib.a(Buffer.o)
                0x000000000000b47c                typeinfo name for Interfaces::IComparison<Data::Buffer>
 .rodata._ZTSN10Interfaces9ILessThanIN4Data6BufferEEE
                0x000000000000b4a8       0x29 C:/Users/XMF3944/Documents/Ingenico/ImplementacionesDemos/TestAppFramwork/Libs/Framework/Bin/FrameworkLib.a(Buffer.o)
                0x000000000000b4a8                typeinfo name for Interfaces::ILessThan<Data::Buffer>
 *fill*         0x000000000000b4d1        0x3 
 .rodata._ZTSN10Interfaces10IGreatThanIN4Data6BufferEEE
                0x000000000000b4d4       0x2b C:/Users/XMF3944/Documents/Ingenico/ImplementacionesDemos/TestAppFramwork/Libs/Framework/Bin/FrameworkLib.a(Buffer.o)
                0x000000000000b4d4                typeinfo name for Interfaces::IGreatThan<Data::Buffer>
 *fill*         0x000000000000b4ff        0x1 
 .rodata._ZTSN10Interfaces12IEqualitableIN4Data6BufferEEE
                0x000000000000b500       0x2d C:/Users/XMF3944/Documents/Ingenico/ImplementacionesDemos/TestAppFramwork/Libs/Framework/Bin/FrameworkLib.a(Buffer.o)
                0x000000000000b500                typeinfo name for Interfaces::IEqualitable<Data::Buffer>
 *fill*         0x000000000000b52d        0x3 
 .rodata._ZTSN10Interfaces11IComparableIN4Data6BufferEEE
                0x000000000000b530       0x2c C:/Users/XMF3944/Documents/Ingenico/ImplementacionesDemos/TestAppFramwork/Libs/Framework/Bin/FrameworkLib.a(Buffer.o)
                0x000000000000b530                typeinfo name for Interfaces::IComparable<Data::Buffer>
 .rodata._ZTSN10Interfaces11IAssignableIN4Data6BufferEEE
                0x000000000000b55c       0x2c C:/Users/XMF3944/Documents/Ingenico/ImplementacionesDemos/TestAppFramwork/Libs/Framework/Bin/FrameworkLib.a(Buffer.o)
                0x000000000000b55c                typeinfo name for Interfaces::IAssignable<Data::Buffer>
 .rodata._ZTSN10Interfaces9IAdditionIN4Data6BufferEEE
                0x000000000000b588       0x29 C:/Users/XMF3944/Documents/Ingenico/ImplementacionesDemos/TestAppFramwork/Libs/Framework/Bin/FrameworkLib.a(Buffer.o)
                0x000000000000b588                typeinfo name for Interfaces::IAddition<Data::Buffer>
 *fill*         0x000000000000b5b1        0x3 
 .rodata._ZTSN10Interfaces10IIndexableIcEE
                0x000000000000b5b4       0x1e C:/Users/XMF3944/Documents/Ingenico/ImplementacionesDemos/TestAppFramwork/Libs/Framework/Bin/FrameworkLib.a(Buffer.o)
                0x000000000000b5b4                typeinfo name for Interfaces::IIndexable<char>
 *fill*         0x000000000000b5d2        0x2 
 .rodata._ZTSN10Interfaces7ILengthE
                0x000000000000b5d4       0x17 C:/Users/XMF3944/Documents/Ingenico/ImplementacionesDemos/TestAppFramwork/Libs/Framework/Bin/FrameworkLib.a(Buffer.o)
                0x000000000000b5d4                typeinfo name for Interfaces::ILength
 *fill*         0x000000000000b5eb        0x1 
 .rodata._ZTSN10Interfaces11IContenibleE
                0x000000000000b5ec       0x1c C:/Users/XMF3944/Documents/Ingenico/ImplementacionesDemos/TestAppFramwork/Libs/Framework/Bin/FrameworkLib.a(Buffer.o)
                0x000000000000b5ec                typeinfo name for Interfaces::IContenible
 .rodata        0x000000000000b608       0xa6 C:/Users/XMF3944/Documents/Ingenico/ImplementacionesDemos/TestAppFramwork/Libs/Framework/Bin/FrameworkLib.a(Str.o)
 *fill*         0x000000000000b6ae        0x2 
 .rodata        0x000000000000b6b0      0x4c9 C:/Users/XMF3944/Documents/Ingenico/ImplementacionesDemos/TestAppFramwork/Libs/Framework/Bin/FrameworkLib.a(Exception.o)
 .rodata        0x000000000000bb79        0x1 C:/Users/XMF3944/Documents/Ingenico/ImplementacionesDemos/TestAppFramwork/Libs/Framework/Bin/FrameworkLib.a(Char.o)
 .rodata.str1.1
                0x000000000000bb7a        0x8 C:/Program Files/TeliumSDK/SDK11.20.3.PatchF/SDKTPLUS/HW_TETRA/gnu_531/lib/Platform/libwrapper_tplus.lib(extenstp1.o)
 .rodata.str1.1
                0x000000000000bb82       0x10 C:/Program Files/TeliumSDK/SDK11.20.3.PatchF/SDKTPLUS/HW_TETRA/gnu_531/lib/Platform/libwrapper_tplus.lib(extensttrois9.o)
 .rodata.str1.1
                0x000000000000bb92        0x8 C:/Program Files/TeliumSDK/SDK11.20.3.PatchF/SDKTPLUS/HW_TETRA/gnu_531/lib/Platform/libwrapper_tplus.lib(toolstp1.o)
 .rodata.str1.1
                0x000000000000bb92       0x60 C:/Program Files/TeliumSDK/SDK11.20.3.PatchF/SDKTPLUS/HW_TETRA/gnu_531/lib/Platform\libOSLAYER.a(OSL_link.o)
 .rodata        0x000000000000bbf2       0x80 C:/Program Files/TeliumSDK/SDK11.20.3.PatchF/SDKTPLUS/HW_TETRA/gnu_531/lib/Platform\libGRAPHICLIB.a(GL_link.o)
 .rodata.str1.1
                0x000000000000bc72       0x10 C:/Program Files/TeliumSDK/SDK11.20.3.PatchF/SDKTPLUS/HW_TETRA/gnu_531/lib/Platform\libGRAPHICLIB.a(GL_link.o)
 *fill*         0x000000000000bc82        0x2 
 .rodata        0x000000000000bc84       0x18 C:/Program Files/TeliumSDK/SDK11.20.3.PatchF/SDKTPLUS/HW_TETRA/gnu_531/startfiles/stapp_legacyexitpoint.o
 .rodata.str1.4
                0x000000000000bc9c       0x88 C:/Program Files/TeliumSDK/SDK11.20.3.PatchF/SDKTPLUS/HW_TETRA/gnu_531/startfiles/stapp_legacyexitpoint.o
                                         0x86 (size before relaxing)

.rodata1
 *(.rodata1)

.ARM.extab      0x000000000000bd24      0xad4
 *(.ARM.extab* .gnu.linkonce.armextab.*)
 .ARM.extab     0x000000000000bd24        0x0 C:/Ingenico/IngeDev_8.24.0.9/toolchains/gnuArm531v7a-5/arm-islero-linux-gnueabihf/sysroot/usr/lib/crt1.o
 .ARM.extab     0x000000000000bd24        0xc Obj/GNU_ARM_DEBUG_TETRA/Main.o
 .ARM.extab     0x000000000000bd30       0xc4 Obj/GNU_ARM_DEBUG_TETRA/Entry.o
 .ARM.extab     0x000000000000bdf4       0x24 Obj/GNU_ARM_DEBUG_TETRA/Menu.o
 .ARM.extab     0x000000000000be18       0x30 Obj/GNU_ARM_DEBUG_TETRA/DateScreen.o
 .ARM.extab     0x000000000000be48        0x0 Obj/GNU_ARM_DEBUG_TETRA/Utils.o
 .ARM.extab     0x000000000000be48      0x36c Obj/GNU_ARM_DEBUG_TETRA/BufferTest.o
 .ARM.extab.text._ZNK10Interfaces11IComparisonIN4Data6BufferEEeqERKS2_
                0x000000000000c1b4        0xc Obj/GNU_ARM_DEBUG_TETRA/BufferTest.o
 .ARM.extab.text._ZNK10Interfaces11IComparisonIN4Data6BufferEEneERKS2_
                0x000000000000c1c0        0xc Obj/GNU_ARM_DEBUG_TETRA/BufferTest.o
 .ARM.extab.text._ZNK10Interfaces11IComparisonIN4Data6BufferEEgtERKS2_
                0x000000000000c1cc        0xc Obj/GNU_ARM_DEBUG_TETRA/BufferTest.o
 .ARM.extab.text._ZNK10Interfaces11IComparisonIN4Data6BufferEEgeERKS2_
                0x000000000000c1d8        0xc Obj/GNU_ARM_DEBUG_TETRA/BufferTest.o
 .ARM.extab.text._ZNK10Interfaces11IComparisonIN4Data6BufferEEltERKS2_
                0x000000000000c1e4        0xc Obj/GNU_ARM_DEBUG_TETRA/BufferTest.o
 .ARM.extab.text._ZNK10Interfaces11IComparisonIN4Data6BufferEEleERKS2_
                0x000000000000c1f0        0xc Obj/GNU_ARM_DEBUG_TETRA/BufferTest.o
 .ARM.extab.text._ZN10Interfaces11IContenibleD2Ev
                0x000000000000c1fc        0x0 C:/Users/XMF3944/Documents/Ingenico/ImplementacionesDemos/TestAppFramwork/Libs/Framework/Bin/FrameworkLib.a(Buffer.o)
 .ARM.extab.text._ZN10Interfaces11IContenibleD0Ev
                0x000000000000c1fc        0x0 C:/Users/XMF3944/Documents/Ingenico/ImplementacionesDemos/TestAppFramwork/Libs/Framework/Bin/FrameworkLib.a(Buffer.o)
 .ARM.extab.text._ZN10Interfaces11IConteniblemLEi
                0x000000000000c1fc        0xc C:/Users/XMF3944/Documents/Ingenico/ImplementacionesDemos/TestAppFramwork/Libs/Framework/Bin/FrameworkLib.a(Buffer.o)
 .ARM.extab.text._ZNK10Interfaces11IConteniblentEv
                0x000000000000c208        0xc C:/Users/XMF3944/Documents/Ingenico/ImplementacionesDemos/TestAppFramwork/Libs/Framework/Bin/FrameworkLib.a(Buffer.o)
 .ARM.extab.text._ZNK10Interfaces11IContenible10IsNotEmptyEv
                0x000000000000c214        0xc C:/Users/XMF3944/Documents/Ingenico/ImplementacionesDemos/TestAppFramwork/Libs/Framework/Bin/FrameworkLib.a(Buffer.o)
 .ARM.extab.text._ZN10Interfaces7ILengthD2Ev
                0x000000000000c220        0x0 C:/Users/XMF3944/Documents/Ingenico/ImplementacionesDemos/TestAppFramwork/Libs/Framework/Bin/FrameworkLib.a(Buffer.o)
 .ARM.extab.text._ZN10Interfaces7ILengthD0Ev
                0x000000000000c220        0x0 C:/Users/XMF3944/Documents/Ingenico/ImplementacionesDemos/TestAppFramwork/Libs/Framework/Bin/FrameworkLib.a(Buffer.o)
 .ARM.extab.text._ZN10Interfaces7ILengthC2Ev
                0x000000000000c220        0x0 C:/Users/XMF3944/Documents/Ingenico/ImplementacionesDemos/TestAppFramwork/Libs/Framework/Bin/FrameworkLib.a(Buffer.o)
 .ARM.extab.text._ZN10Interfaces11IContenibleC2Ev
                0x000000000000c220        0x0 C:/Users/XMF3944/Documents/Ingenico/ImplementacionesDemos/TestAppFramwork/Libs/Framework/Bin/FrameworkLib.a(Buffer.o)
 .ARM.extab.text._ZN10Interfaces10IIndexableIcEC2Ev
                0x000000000000c220        0x0 C:/Users/XMF3944/Documents/Ingenico/ImplementacionesDemos/TestAppFramwork/Libs/Framework/Bin/FrameworkLib.a(Buffer.o)
 .ARM.extab.text._ZN10Interfaces9IAdditionIN4Data6BufferEEC2Ev
                0x000000000000c220        0x0 C:/Users/XMF3944/Documents/Ingenico/ImplementacionesDemos/TestAppFramwork/Libs/Framework/Bin/FrameworkLib.a(Buffer.o)
 .ARM.extab.text._ZN10Interfaces11IAssignableIN4Data6BufferEEC2Ev
                0x000000000000c220        0x0 C:/Users/XMF3944/Documents/Ingenico/ImplementacionesDemos/TestAppFramwork/Libs/Framework/Bin/FrameworkLib.a(Buffer.o)
 .ARM.extab.text._ZN10Interfaces11IComparableIN4Data6BufferEEC2Ev
                0x000000000000c220        0x0 C:/Users/XMF3944/Documents/Ingenico/ImplementacionesDemos/TestAppFramwork/Libs/Framework/Bin/FrameworkLib.a(Buffer.o)
 .ARM.extab.text._ZN10Interfaces12IEqualitableIN4Data6BufferEEC2Ev
                0x000000000000c220        0x0 C:/Users/XMF3944/Documents/Ingenico/ImplementacionesDemos/TestAppFramwork/Libs/Framework/Bin/FrameworkLib.a(Buffer.o)
 .ARM.extab.text._ZN10Interfaces10IGreatThanIN4Data6BufferEEC2Ev
                0x000000000000c220        0x0 C:/Users/XMF3944/Documents/Ingenico/ImplementacionesDemos/TestAppFramwork/Libs/Framework/Bin/FrameworkLib.a(Buffer.o)
 .ARM.extab.text._ZN10Interfaces9ILessThanIN4Data6BufferEEC2Ev
                0x000000000000c220        0x0 C:/Users/XMF3944/Documents/Ingenico/ImplementacionesDemos/TestAppFramwork/Libs/Framework/Bin/FrameworkLib.a(Buffer.o)
 .ARM.extab.text._ZN10Interfaces11IComparisonIN4Data6BufferEEC2Ev
                0x000000000000c220        0x0 C:/Users/XMF3944/Documents/Ingenico/ImplementacionesDemos/TestAppFramwork/Libs/Framework/Bin/FrameworkLib.a(Buffer.o)
 .ARM.extab     0x000000000000c220      0x53c C:/Users/XMF3944/Documents/Ingenico/ImplementacionesDemos/TestAppFramwork/Libs/Framework/Bin/FrameworkLib.a(Buffer.o)
 .ARM.extab.text._ZN10Interfaces10IIndexableIcED2Ev
                0x000000000000c75c        0x0 C:/Users/XMF3944/Documents/Ingenico/ImplementacionesDemos/TestAppFramwork/Libs/Framework/Bin/FrameworkLib.a(Buffer.o)
 .ARM.extab.text._ZN10Interfaces10IIndexableIcED0Ev
                0x000000000000c75c        0x0 C:/Users/XMF3944/Documents/Ingenico/ImplementacionesDemos/TestAppFramwork/Libs/Framework/Bin/FrameworkLib.a(Buffer.o)
 .ARM.extab.text._ZN10Interfaces9IAdditionIN4Data6BufferEED2Ev
                0x000000000000c75c        0x0 C:/Users/XMF3944/Documents/Ingenico/ImplementacionesDemos/TestAppFramwork/Libs/Framework/Bin/FrameworkLib.a(Buffer.o)
 .ARM.extab.text._ZN10Interfaces9IAdditionIN4Data6BufferEED0Ev
                0x000000000000c75c        0x0 C:/Users/XMF3944/Documents/Ingenico/ImplementacionesDemos/TestAppFramwork/Libs/Framework/Bin/FrameworkLib.a(Buffer.o)
 .ARM.extab.text._ZN10Interfaces11IAssignableIN4Data6BufferEED2Ev
                0x000000000000c75c        0x0 C:/Users/XMF3944/Documents/Ingenico/ImplementacionesDemos/TestAppFramwork/Libs/Framework/Bin/FrameworkLib.a(Buffer.o)
 .ARM.extab.text._ZN10Interfaces11IAssignableIN4Data6BufferEED0Ev
                0x000000000000c75c        0x0 C:/Users/XMF3944/Documents/Ingenico/ImplementacionesDemos/TestAppFramwork/Libs/Framework/Bin/FrameworkLib.a(Buffer.o)
 .ARM.extab.text._ZN10Interfaces11IComparableIN4Data6BufferEED2Ev
                0x000000000000c75c        0x0 C:/Users/XMF3944/Documents/Ingenico/ImplementacionesDemos/TestAppFramwork/Libs/Framework/Bin/FrameworkLib.a(Buffer.o)
 .ARM.extab.text._ZN10Interfaces11IComparableIN4Data6BufferEED0Ev
                0x000000000000c75c        0x0 C:/Users/XMF3944/Documents/Ingenico/ImplementacionesDemos/TestAppFramwork/Libs/Framework/Bin/FrameworkLib.a(Buffer.o)
 .ARM.extab.text._ZN10Interfaces12IEqualitableIN4Data6BufferEED2Ev
                0x000000000000c75c        0x0 C:/Users/XMF3944/Documents/Ingenico/ImplementacionesDemos/TestAppFramwork/Libs/Framework/Bin/FrameworkLib.a(Buffer.o)
 .ARM.extab.text._ZN10Interfaces12IEqualitableIN4Data6BufferEED0Ev
                0x000000000000c75c        0x0 C:/Users/XMF3944/Documents/Ingenico/ImplementacionesDemos/TestAppFramwork/Libs/Framework/Bin/FrameworkLib.a(Buffer.o)
 .ARM.extab.text._ZN10Interfaces10IGreatThanIN4Data6BufferEED2Ev
                0x000000000000c75c        0x0 C:/Users/XMF3944/Documents/Ingenico/ImplementacionesDemos/TestAppFramwork/Libs/Framework/Bin/FrameworkLib.a(Buffer.o)
 .ARM.extab.text._ZN10Interfaces10IGreatThanIN4Data6BufferEED0Ev
                0x000000000000c75c        0x0 C:/Users/XMF3944/Documents/Ingenico/ImplementacionesDemos/TestAppFramwork/Libs/Framework/Bin/FrameworkLib.a(Buffer.o)
 .ARM.extab.text._ZN10Interfaces9ILessThanIN4Data6BufferEED2Ev
                0x000000000000c75c        0x0 C:/Users/XMF3944/Documents/Ingenico/ImplementacionesDemos/TestAppFramwork/Libs/Framework/Bin/FrameworkLib.a(Buffer.o)
 .ARM.extab.text._ZN10Interfaces9ILessThanIN4Data6BufferEED0Ev
                0x000000000000c75c        0x0 C:/Users/XMF3944/Documents/Ingenico/ImplementacionesDemos/TestAppFramwork/Libs/Framework/Bin/FrameworkLib.a(Buffer.o)
 .ARM.extab.text._ZN10Interfaces11IComparisonIN4Data6BufferEED2Ev
                0x000000000000c75c        0x0 C:/Users/XMF3944/Documents/Ingenico/ImplementacionesDemos/TestAppFramwork/Libs/Framework/Bin/FrameworkLib.a(Buffer.o)
 .ARM.extab.text._ZN10Interfaces11IComparisonIN4Data6BufferEED0Ev
                0x000000000000c75c        0x0 C:/Users/XMF3944/Documents/Ingenico/ImplementacionesDemos/TestAppFramwork/Libs/Framework/Bin/FrameworkLib.a(Buffer.o)
 .ARM.extab.text._ZNK10Interfaces12IEqualitableIN4Data6BufferEEneERKS2_
                0x000000000000c75c        0xc C:/Users/XMF3944/Documents/Ingenico/ImplementacionesDemos/TestAppFramwork/Libs/Framework/Bin/FrameworkLib.a(Buffer.o)
 .ARM.extab     0x000000000000c768       0x54 C:/Users/XMF3944/Documents/Ingenico/ImplementacionesDemos/TestAppFramwork/Libs/Framework/Bin/FrameworkLib.a(Str.o)
 .ARM.extab     0x000000000000c7bc       0x3c C:/Users/XMF3944/Documents/Ingenico/ImplementacionesDemos/TestAppFramwork/Libs/Framework/Bin/FrameworkLib.a(Exception.o)
 .ARM.extab     0x000000000000c7f8        0x0 C:/Users/XMF3944/Documents/Ingenico/ImplementacionesDemos/TestAppFramwork/Libs/Framework/Bin/FrameworkLib.a(Char.o)
                [!provide]                        PROVIDE (__exidx_start, .)

.ARM.exidx      0x000000000000c7f8      0x5c8
 *(.ARM.exidx* .gnu.linkonce.armexidx.*)
 .ARM.exidx     0x000000000000c7f8        0x8 C:/Ingenico/IngeDev_8.24.0.9/toolchains/gnuArm531v7a-5/arm-islero-linux-gnueabihf/sysroot/usr/lib/crt1.o
 .ARM.exidx     0x000000000000c800        0x8 Obj/GNU_ARM_DEBUG_TETRA/Main.o
 .ARM.exidx     0x000000000000c808       0xa8 Obj/GNU_ARM_DEBUG_TETRA/Entry.o
                                         0xc8 (size before relaxing)
 .ARM.exidx     0x000000000000c8b0       0x18 Obj/GNU_ARM_DEBUG_TETRA/Menu.o
 .ARM.exidx     0x000000000000c8c8       0x20 Obj/GNU_ARM_DEBUG_TETRA/DateScreen.o
 .ARM.exidx     0x000000000000c8e8        0x8 Obj/GNU_ARM_DEBUG_TETRA/Utils.o
 .ARM.exidx     0x000000000000c8f0       0x70 Obj/GNU_ARM_DEBUG_TETRA/BufferTest.o
                                         0x90 (size before relaxing)
 .ARM.exidx.text._ZNK10Interfaces11IComparisonIN4Data6BufferEEeqERKS2_
                0x000000000000c960       0x10 Obj/GNU_ARM_DEBUG_TETRA/BufferTest.o
 .ARM.exidx.text._ZNK10Interfaces11IComparisonIN4Data6BufferEEneERKS2_
                0x000000000000c970       0x10 Obj/GNU_ARM_DEBUG_TETRA/BufferTest.o
 .ARM.exidx.text._ZNK10Interfaces11IComparisonIN4Data6BufferEEgtERKS2_
                0x000000000000c980       0x10 Obj/GNU_ARM_DEBUG_TETRA/BufferTest.o
 .ARM.exidx.text._ZNK10Interfaces11IComparisonIN4Data6BufferEEgeERKS2_
                0x000000000000c990       0x10 Obj/GNU_ARM_DEBUG_TETRA/BufferTest.o
 .ARM.exidx.text._ZNK10Interfaces11IComparisonIN4Data6BufferEEltERKS2_
                0x000000000000c9a0       0x10 Obj/GNU_ARM_DEBUG_TETRA/BufferTest.o
 .ARM.exidx.text._ZNK10Interfaces11IComparisonIN4Data6BufferEEleERKS2_
                0x000000000000c9b0       0x10 Obj/GNU_ARM_DEBUG_TETRA/BufferTest.o
 .ARM.exidx.text._ZN10Interfaces11IContenibleD2Ev
                0x000000000000cd08        0x0 C:/Users/XMF3944/Documents/Ingenico/ImplementacionesDemos/TestAppFramwork/Libs/Framework/Bin/FrameworkLib.a(Buffer.o)
                                          0x8 (size before relaxing)
 .ARM.exidx.text._ZN10Interfaces11IContenibleD0Ev
                0x000000000000cd08        0x0 C:/Users/XMF3944/Documents/Ingenico/ImplementacionesDemos/TestAppFramwork/Libs/Framework/Bin/FrameworkLib.a(Buffer.o)
                                          0x8 (size before relaxing)
 .ARM.exidx.text._ZN10Interfaces11IConteniblemLEi
                0x000000000000cd08        0x8 C:/Users/XMF3944/Documents/Ingenico/ImplementacionesDemos/TestAppFramwork/Libs/Framework/Bin/FrameworkLib.a(Buffer.o)
 .ARM.exidx.text._ZNK10Interfaces11IConteniblentEv
                0x000000000000cd10        0x8 C:/Users/XMF3944/Documents/Ingenico/ImplementacionesDemos/TestAppFramwork/Libs/Framework/Bin/FrameworkLib.a(Buffer.o)
 .ARM.exidx.text._ZNK10Interfaces11IContenible10IsNotEmptyEv
                0x000000000000cd18        0x8 C:/Users/XMF3944/Documents/Ingenico/ImplementacionesDemos/TestAppFramwork/Libs/Framework/Bin/FrameworkLib.a(Buffer.o)
 .ARM.exidx.text._ZN10Interfaces7ILengthD2Ev
                0x000000000000cd20        0x8 C:/Users/XMF3944/Documents/Ingenico/ImplementacionesDemos/TestAppFramwork/Libs/Framework/Bin/FrameworkLib.a(Buffer.o)
 .ARM.exidx.text._ZN10Interfaces7ILengthD0Ev
                0x000000000000cd28        0x0 C:/Users/XMF3944/Documents/Ingenico/ImplementacionesDemos/TestAppFramwork/Libs/Framework/Bin/FrameworkLib.a(Buffer.o)
                                          0x8 (size before relaxing)
 .ARM.exidx.text._ZN10Interfaces7ILengthC2Ev
                0x000000000000cd28        0x0 C:/Users/XMF3944/Documents/Ingenico/ImplementacionesDemos/TestAppFramwork/Libs/Framework/Bin/FrameworkLib.a(Buffer.o)
                                          0x8 (size before relaxing)
 .ARM.exidx.text._ZN10Interfaces11IContenibleC2Ev
                0x000000000000cd28        0x0 C:/Users/XMF3944/Documents/Ingenico/ImplementacionesDemos/TestAppFramwork/Libs/Framework/Bin/FrameworkLib.a(Buffer.o)
                                          0x8 (size before relaxing)
 .ARM.exidx.text._ZN10Interfaces10IIndexableIcEC2Ev
                0x000000000000cd28        0x0 C:/Users/XMF3944/Documents/Ingenico/ImplementacionesDemos/TestAppFramwork/Libs/Framework/Bin/FrameworkLib.a(Buffer.o)
                                          0x8 (size before relaxing)
 .ARM.exidx.text._ZN10Interfaces9IAdditionIN4Data6BufferEEC2Ev
                0x000000000000cd28        0x0 C:/Users/XMF3944/Documents/Ingenico/ImplementacionesDemos/TestAppFramwork/Libs/Framework/Bin/FrameworkLib.a(Buffer.o)
                                          0x8 (size before relaxing)
 .ARM.exidx.text._ZN10Interfaces11IAssignableIN4Data6BufferEEC2Ev
                0x000000000000cd28        0x0 C:/Users/XMF3944/Documents/Ingenico/ImplementacionesDemos/TestAppFramwork/Libs/Framework/Bin/FrameworkLib.a(Buffer.o)
                                          0x8 (size before relaxing)
 .ARM.exidx.text._ZN10Interfaces11IComparableIN4Data6BufferEEC2Ev
                0x000000000000cd28        0x0 C:/Users/XMF3944/Documents/Ingenico/ImplementacionesDemos/TestAppFramwork/Libs/Framework/Bin/FrameworkLib.a(Buffer.o)
                                          0x8 (size before relaxing)
 .ARM.exidx.text._ZN10Interfaces12IEqualitableIN4Data6BufferEEC2Ev
                0x000000000000cd28        0x0 C:/Users/XMF3944/Documents/Ingenico/ImplementacionesDemos/TestAppFramwork/Libs/Framework/Bin/FrameworkLib.a(Buffer.o)
                                          0x8 (size before relaxing)
 .ARM.exidx.text._ZN10Interfaces10IGreatThanIN4Data6BufferEEC2Ev
                0x000000000000cd28        0x0 C:/Users/XMF3944/Documents/Ingenico/ImplementacionesDemos/TestAppFramwork/Libs/Framework/Bin/FrameworkLib.a(Buffer.o)
                                          0x8 (size before relaxing)
 .ARM.exidx.text._ZN10Interfaces9ILessThanIN4Data6BufferEEC2Ev
                0x000000000000cd28        0x0 C:/Users/XMF3944/Documents/Ingenico/ImplementacionesDemos/TestAppFramwork/Libs/Framework/Bin/FrameworkLib.a(Buffer.o)
                                          0x8 (size before relaxing)
 .ARM.exidx.text._ZN10Interfaces11IComparisonIN4Data6BufferEEC2Ev
                0x000000000000cd28        0x0 C:/Users/XMF3944/Documents/Ingenico/ImplementacionesDemos/TestAppFramwork/Libs/Framework/Bin/FrameworkLib.a(Buffer.o)
                                          0x8 (size before relaxing)
 .ARM.exidx     0x000000000000c9c0      0x348 C:/Users/XMF3944/Documents/Ingenico/ImplementacionesDemos/TestAppFramwork/Libs/Framework/Bin/FrameworkLib.a(Buffer.o)
                                        0x3c8 (size before relaxing)
 .ARM.exidx.text._ZN10Interfaces10IIndexableIcED2Ev
                0x000000000000cd28        0x0 C:/Users/XMF3944/Documents/Ingenico/ImplementacionesDemos/TestAppFramwork/Libs/Framework/Bin/FrameworkLib.a(Buffer.o)
                                          0x8 (size before relaxing)
 .ARM.exidx.text._ZN10Interfaces10IIndexableIcED0Ev
                0x000000000000cd28        0x0 C:/Users/XMF3944/Documents/Ingenico/ImplementacionesDemos/TestAppFramwork/Libs/Framework/Bin/FrameworkLib.a(Buffer.o)
                                          0x8 (size before relaxing)
 .ARM.exidx.text._ZN10Interfaces9IAdditionIN4Data6BufferEED2Ev
                0x000000000000cd28        0x0 C:/Users/XMF3944/Documents/Ingenico/ImplementacionesDemos/TestAppFramwork/Libs/Framework/Bin/FrameworkLib.a(Buffer.o)
                                          0x8 (size before relaxing)
 .ARM.exidx.text._ZN10Interfaces9IAdditionIN4Data6BufferEED0Ev
                0x000000000000cd28        0x0 C:/Users/XMF3944/Documents/Ingenico/ImplementacionesDemos/TestAppFramwork/Libs/Framework/Bin/FrameworkLib.a(Buffer.o)
                                          0x8 (size before relaxing)
 .ARM.exidx.text._ZN10Interfaces11IAssignableIN4Data6BufferEED2Ev
                0x000000000000cd28        0x0 C:/Users/XMF3944/Documents/Ingenico/ImplementacionesDemos/TestAppFramwork/Libs/Framework/Bin/FrameworkLib.a(Buffer.o)
                                          0x8 (size before relaxing)